0 verbose cli C:\Program Files\nodejs\node.exe C:\Program Files\nodejs\node_modules\npm\bin\npm-cli.js
1 info using npm@11.9.0
2 info using node@v24.14.0
3 silly config load:file:C:\Program Files\nodejs\node_modules\npm\npmrc
4 silly config load:file:D:\Project\PhuongThao\tmp\pdfs\.npmrc
5 silly config load:file:C:\Users\Nguye\.npmrc
6 silly config load:file:D:\Project\PhuongThao\tmp\pdfs\etc\npmrc
7 verbose title npm install mermaid
8 verbose argv "install" "--prefix" "tmp/pdfs" "--cache" "tmp/pdfs/npm-cache" "mermaid" "--no-audit" "--no-fund"
9 verbose logfile logs-max:10 dir:D:\Project\PhuongThao\tmp\pdfs\npm-cache\_logs\2026-10-06T16_14_14_229Z-
10 verbose logfile D:\Project\PhuongThao\tmp\pdfs\npm-cache\_logs\2026-10-06T16_14_14_229Z-debug-0.log
11 silly logfile done cleaning log files
12 silly packumentCache heap:4496293888 maxSize:1124073472 maxEntrySize:562036736
13 silly idealTree buildDeps
14 silly fetch manifest mermaid@*
15 silly packumentCache full:https://registry.npmjs.org/mermaid cache-miss
16 http fetch GET 200 https://registry.npmjs.org/npm 323ms
17 http fetch GET 200 https://registry.npmjs.org/mermaid 427ms (cache miss)
18 silly packumentCache full:https://registry.npmjs.org/mermaid set size:undefined disposed:false
19 silly placeDep ROOT mermaid@12.1.0 OK for:  want: *
20 silly fetch manifest d3@^7.9.0
21 silly packumentCache full:https://registry.npmjs.org/d3 cache-miss
22 silly fetch manifest uuid@^11.1.0 || ^12 || ^13 || ^14.0.0
23 silly packumentCache full:https://registry.npmjs.org/uuid cache-miss
24 silly fetch manifest dayjs@^1.11.21
25 silly packumentCache full:https://registry.npmjs.org/dayjs cache-miss
26 silly fetch manifest elkjs@^0.9.3
27 silly packumentCache full:https://registry.npmjs.org/elkjs cache-miss
28 silly fetch manifest katex@^0.16.47
29 silly packumentCache full:https://registry.npmjs.org/katex cache-miss
30 silly fetch manifest khroma@^2.1.0
31 silly packumentCache full:https://registry.npmjs.org/khroma cache-miss
32 silly fetch manifest marked@^16.3.0
33 silly packumentCache full:https://registry.npmjs.org/marked cache-miss
34 silly fetch manifest stylis@^4.3.6
35 silly packumentCache full:https://registry.npmjs.org/stylis cache-miss
36 silly fetch manifest roughjs@^4.6.6
37 silly packumentCache full:https://registry.npmjs.org/roughjs cache-miss
38 silly fetch manifest @types/d3@^7.4.3
39 silly packumentCache full:https://registry.npmjs.org/@types%2fd3 cache-miss
40 silly fetch manifest cytoscape@^3.34.0
41 silly packumentCache full:https://registry.npmjs.org/cytoscape cache-miss
42 silly fetch manifest d3-sankey@^0.12.3
43 silly packumentCache full:https://registry.npmjs.org/d3-sankey cache-miss
44 silly fetch manifest dompurify@^3.4.12
45 silly packumentCache full:https://registry.npmjs.org/dompurify cache-miss
46 http fetch GET 200 https://registry.npmjs.org/uuid 122ms (cache miss)
47 silly packumentCache full:https://registry.npmjs.org/uuid set size:undefined disposed:false
48 silly fetch manifest ts-dedent@^2.2.0
49 silly packumentCache full:https://registry.npmjs.org/ts-dedent cache-miss
50 http fetch GET 200 https://registry.npmjs.org/d3 130ms (cache miss)
51 silly packumentCache full:https://registry.npmjs.org/d3 set size:undefined disposed:false
52 silly fetch manifest chevrotain@~13.2.0
53 silly packumentCache full:https://registry.npmjs.org/chevrotain cache-miss
54 http fetch GET 200 https://registry.npmjs.org/roughjs 153ms (cache miss)
55 silly packumentCache full:https://registry.npmjs.org/roughjs set size:undefined disposed:false
56 silly fetch manifest es-toolkit@^1.45.1
57 silly packumentCache full:https://registry.npmjs.org/es-toolkit cache-miss
58 http fetch GET 200 https://registry.npmjs.org/khroma 200ms (cache miss)
59 silly packumentCache full:https://registry.npmjs.org/khroma set size:undefined disposed:false
60 silly fetch manifest dagre-d3-es@7.0.14
61 silly packumentCache full:https://registry.npmjs.org/dagre-d3-es cache-miss
62 http fetch GET 200 https://registry.npmjs.org/d3-sankey 203ms (cache miss)
63 silly packumentCache full:https://registry.npmjs.org/d3-sankey set size:undefined disposed:false
64 silly fetch manifest @iconify/utils@^3.0.2
65 silly packumentCache full:https://registry.npmjs.org/@iconify%2futils cache-miss
66 http fetch GET 200 https://registry.npmjs.org/stylis 221ms (cache miss)
67 silly packumentCache full:https://registry.npmjs.org/stylis set size:undefined disposed:false
68 silly fetch manifest cytoscape-fcose@^2.2.0
69 silly packumentCache full:https://registry.npmjs.org/cytoscape-fcose cache-miss
70 http fetch GET 200 https://registry.npmjs.org/marked 236ms (cache miss)
71 silly packumentCache full:https://registry.npmjs.org/marked set size:undefined disposed:false
72 silly fetch manifest @upsetjs/venn.js@^2.0.0
73 silly packumentCache full:https://registry.npmjs.org/@upsetjs%2fvenn.js cache-miss
74 http fetch GET 200 https://registry.npmjs.org/chevrotain 111ms (cache miss)
75 silly packumentCache full:https://registry.npmjs.org/chevrotain set size:undefined disposed:false
76 silly fetch manifest @mermaid-js/parser@^2.0.1
77 silly packumentCache full:https://registry.npmjs.org/@mermaid-js%2fparser cache-miss
78 http fetch GET 200 https://registry.npmjs.org/dagre-d3-es 64ms (cache miss)
79 silly packumentCache full:https://registry.npmjs.org/dagre-d3-es set size:undefined disposed:false
80 silly fetch manifest cytoscape-cose-bilkent@^4.1.0
81 silly packumentCache full:https://registry.npmjs.org/cytoscape-cose-bilkent cache-miss
82 http fetch GET 200 https://registry.npmjs.org/dompurify 270ms (cache miss)
83 silly packumentCache full:https://registry.npmjs.org/dompurify set size:undefined disposed:false
84 silly fetch manifest @braintree/sanitize-url@^7.1.2
85 silly packumentCache full:https://registry.npmjs.org/@braintree%2fsanitize-url cache-miss
86 http fetch GET 200 https://registry.npmjs.org/cytoscape-fcose 55ms (cache miss)
87 silly packumentCache full:https://registry.npmjs.org/cytoscape-fcose set size:undefined disposed:false
88 http fetch GET 200 https://registry.npmjs.org/cytoscape 280ms (cache miss)
89 silly packumentCache full:https://registry.npmjs.org/cytoscape set size:undefined disposed:false
90 http fetch GET 200 https://registry.npmjs.org/@upsetjs%2fvenn.js 59ms (cache miss)
91 silly packumentCache full:https://registry.npmjs.org/@upsetjs%2fvenn.js set size:undefined disposed:false
92 http fetch GET 200 https://registry.npmjs.org/ts-dedent 207ms (cache miss)
93 silly packumentCache full:https://registry.npmjs.org/ts-dedent set size:undefined disposed:false
94 http fetch GET 200 https://registry.npmjs.org/cytoscape-cose-bilkent 69ms (cache miss)
95 silly packumentCache full:https://registry.npmjs.org/cytoscape-cose-bilkent set size:undefined disposed:false
96 http fetch GET 200 https://registry.npmjs.org/@types%2fd3 375ms (cache miss)
97 silly packumentCache full:https://registry.npmjs.org/@types%2fd3 set size:undefined disposed:false
98 http fetch GET 200 https://registry.npmjs.org/es-toolkit 252ms (cache miss)
99 silly packumentCache full:https://registry.npmjs.org/es-toolkit set size:undefined disposed:false
100 http fetch GET 200 https://registry.npmjs.org/@mermaid-js%2fparser 216ms (cache miss)
101 silly packumentCache full:https://registry.npmjs.org/@mermaid-js%2fparser set size:undefined disposed:false
102 http fetch GET 200 https://registry.npmjs.org/elkjs 469ms (cache miss)
103 silly packumentCache full:https://registry.npmjs.org/elkjs set size:undefined disposed:false
104 http fetch GET 200 https://registry.npmjs.org/@braintree%2fsanitize-url 214ms (cache miss)
105 silly packumentCache full:https://registry.npmjs.org/@braintree%2fsanitize-url set size:undefined disposed:false
106 http fetch GET 200 https://registry.npmjs.org/@iconify%2futils 289ms (cache miss)
107 silly packumentCache full:https://registry.npmjs.org/@iconify%2futils set size:undefined disposed:false
108 http fetch GET 200 https://registry.npmjs.org/katex 504ms (cache miss)
109 silly packumentCache full:https://registry.npmjs.org/katex set size:undefined disposed:false
110 http fetch GET 200 https://registry.npmjs.org/dayjs 513ms (cache miss)
111 silly packumentCache full:https://registry.npmjs.org/dayjs set size:undefined disposed:false
112 silly placeDep ROOT @braintree/sanitize-url@7.1.2 OK for: mermaid@12.1.0 want: ^7.1.2
113 silly placeDep ROOT @iconify/utils@3.1.7 OK for: mermaid@12.1.0 want: ^3.0.2
114 silly placeDep ROOT @mermaid-js/parser@2.0.1 OK for: mermaid@12.1.0 want: ^2.0.1
115 silly placeDep ROOT @types/d3@7.4.3 OK for: mermaid@12.1.0 want: ^7.4.3
116 silly placeDep ROOT @upsetjs/venn.js@2.0.0 OK for: mermaid@12.1.0 want: ^2.0.0
117 silly placeDep ROOT chevrotain@13.2.0 OK for: mermaid@12.1.0 want: ~13.2.0
118 silly placeDep ROOT cytoscape@3.34.3 OK for: mermaid@12.1.0 want: ^3.34.0
119 silly placeDep ROOT cytoscape-cose-bilkent@4.1.0 OK for: mermaid@12.1.0 want: ^4.1.0
120 silly placeDep ROOT cytoscape-fcose@2.2.0 OK for: mermaid@12.1.0 want: ^2.2.0
121 silly placeDep ROOT d3@7.9.0 OK for: mermaid@12.1.0 want: ^7.9.0
122 silly placeDep ROOT d3-sankey@0.12.3 OK for: mermaid@12.1.0 want: ^0.12.3
123 silly placeDep ROOT dagre-d3-es@7.0.14 OK for: mermaid@12.1.0 want: 7.0.14
124 silly placeDep ROOT dayjs@1.11.23 OK for: mermaid@12.1.0 want: ^1.11.21
125 silly placeDep ROOT dompurify@3.4.16 OK for: mermaid@12.1.0 want: ^3.4.12
126 silly placeDep ROOT elkjs@0.9.3 OK for: mermaid@12.1.0 want: ^0.9.3
127 silly placeDep ROOT es-toolkit@1.52.0 OK for: mermaid@12.1.0 want: ^1.45.1
128 silly placeDep ROOT katex@0.16.47 OK for: mermaid@12.1.0 want: ^0.16.47
129 silly placeDep ROOT khroma@2.1.0 OK for: mermaid@12.1.0 want: ^2.1.0
130 silly placeDep ROOT marked@16.4.2 OK for: mermaid@12.1.0 want: ^16.3.0
131 silly placeDep ROOT roughjs@4.6.6 OK for: mermaid@12.1.0 want: ^4.6.6
132 silly placeDep ROOT stylis@4.4.0 OK for: mermaid@12.1.0 want: ^4.3.6
133 silly placeDep ROOT ts-dedent@2.3.0 OK for: mermaid@12.1.0 want: ^2.2.0
134 silly placeDep ROOT uuid@14.0.2 OK for: mermaid@12.1.0 want: ^11.1.0 || ^12 || ^13 || ^14.0.0
135 silly fetch manifest @iconify/types@^2.0.0
136 silly packumentCache full:https://registry.npmjs.org/@iconify%2ftypes cache-miss
137 silly fetch manifest @antfu/install-pkg@^2.0.1
138 silly packumentCache full:https://registry.npmjs.org/@antfu%2finstall-pkg cache-miss
139 silly fetch manifest import-meta-resolve@^4.2.0
140 silly packumentCache full:https://registry.npmjs.org/import-meta-resolve cache-miss
141 silly fetch manifest @chevrotain/types@~13.2.0
142 silly packumentCache full:https://registry.npmjs.org/@chevrotain%2ftypes cache-miss
143 silly fetch manifest @types/d3-dsv@*
144 silly packumentCache full:https://registry.npmjs.org/@types%2fd3-dsv cache-miss
145 silly fetch manifest @types/d3-geo@*
146 silly packumentCache full:https://registry.npmjs.org/@types%2fd3-geo cache-miss
147 silly fetch manifest @types/d3-axis@*
148 silly packumentCache full:https://registry.npmjs.org/@types%2fd3-axis cache-miss
149 silly fetch manifest @types/d3-drag@*
150 silly packumentCache full:https://registry.npmjs.org/@types%2fd3-drag cache-miss
151 silly fetch manifest @types/d3-ease@*
152 silly packumentCache full:https://registry.npmjs.org/@types%2fd3-ease cache-miss
153 silly fetch manifest @types/d3-path@*
154 silly packumentCache full:https://registry.npmjs.org/@types%2fd3-path cache-miss
155 silly fetch manifest @types/d3-time@*
156 silly packumentCache full:https://registry.npmjs.org/@types%2fd3-time cache-miss
157 silly fetch manifest @types/d3-zoom@*
158 silly packumentCache full:https://registry.npmjs.org/@types%2fd3-zoom cache-miss
159 silly fetch manifest @types/d3-array@*
160 silly packumentCache full:https://registry.npmjs.org/@types%2fd3-array cache-miss
161 http fetch GET 200 https://registry.npmjs.org/import-meta-resolve 53ms (cache miss)
162 silly packumentCache full:https://registry.npmjs.org/import-meta-resolve set size:undefined disposed:false
163 silly fetch manifest @types/d3-brush@*
164 silly packumentCache full:https://registry.npmjs.org/@types%2fd3-brush cache-miss
165 http fetch GET 200 https://registry.npmjs.org/@types%2fd3-path 67ms (cache miss)
166 silly packumentCache full:https://registry.npmjs.org/@types%2fd3-path set size:undefined disposed:false
167 silly fetch manifest @types/d3-chord@*
168 silly packumentCache full:https://registry.npmjs.org/@types%2fd3-chord cache-miss
169 http fetch GET 200 https://registry.npmjs.org/@types%2fd3-time 68ms (cache miss)
170 silly packumentCache full:https://registry.npmjs.org/@types%2fd3-time set size:undefined disposed:false
171 silly fetch manifest @types/d3-color@*
172 silly packumentCache full:https://registry.npmjs.org/@types%2fd3-color cache-miss
173 http fetch GET 200 https://registry.npmjs.org/@types%2fd3-ease 70ms (cache miss)
174 silly packumentCache full:https://registry.npmjs.org/@types%2fd3-ease set size:undefined disposed:false
175 silly fetch manifest @types/d3-fetch@*
176 silly packumentCache full:https://registry.npmjs.org/@types%2fd3-fetch cache-miss
177 http fetch GET 200 https://registry.npmjs.org/@types%2fd3-zoom 71ms (cache miss)
178 silly packumentCache full:https://registry.npmjs.org/@types%2fd3-zoom set size:undefined disposed:false
179 silly fetch manifest @types/d3-force@*
180 silly packumentCache full:https://registry.npmjs.org/@types%2fd3-force cache-miss
181 http fetch GET 200 https://registry.npmjs.org/@antfu%2finstall-pkg 76ms (cache miss)
182 silly packumentCache full:https://registry.npmjs.org/@antfu%2finstall-pkg set size:undefined disposed:false
183 silly fetch manifest @types/d3-scale@*
184 silly packumentCache full:https://registry.npmjs.org/@types%2fd3-scale cache-miss
185 http fetch GET 200 https://registry.npmjs.org/@types%2fd3-drag 79ms (cache miss)
186 silly packumentCache full:https://registry.npmjs.org/@types%2fd3-drag set size:undefined disposed:false
187 silly fetch manifest @types/d3-shape@*
188 silly packumentCache full:https://registry.npmjs.org/@types%2fd3-shape cache-miss
189 http fetch GET 200 https://registry.npmjs.org/@chevrotain%2ftypes 82ms (cache miss)
190 silly packumentCache full:https://registry.npmjs.org/@chevrotain%2ftypes set size:undefined disposed:false
191 silly fetch manifest @types/d3-timer@*
192 silly packumentCache full:https://registry.npmjs.org/@types%2fd3-timer cache-miss
193 http fetch GET 200 https://registry.npmjs.org/@types%2fd3-geo 100ms (cache miss)
194 silly packumentCache full:https://registry.npmjs.org/@types%2fd3-geo set size:undefined disposed:false
195 silly fetch manifest @types/d3-format@*
196 silly packumentCache full:https://registry.npmjs.org/@types%2fd3-format cache-miss
197 http fetch GET 200 https://registry.npmjs.org/@types%2fd3-array 127ms (cache miss)
198 silly packumentCache full:https://registry.npmjs.org/@types%2fd3-array set size:undefined disposed:false
199 silly fetch manifest @types/d3-random@*
200 silly packumentCache full:https://registry.npmjs.org/@types%2fd3-random cache-miss
201 http fetch GET 200 https://registry.npmjs.org/@iconify%2ftypes 138ms (cache miss)
202 silly packumentCache full:https://registry.npmjs.org/@iconify%2ftypes set size:undefined disposed:false
203 silly fetch manifest @types/d3-contour@*
204 silly packumentCache full:https://registry.npmjs.org/@types%2fd3-contour cache-miss
205 http fetch GET 200 https://registry.npmjs.org/@types%2fd3-shape 64ms (cache miss)
206 silly packumentCache full:https://registry.npmjs.org/@types%2fd3-shape set size:undefined disposed:false
207 silly fetch manifest @types/d3-polygon@*
208 silly packumentCache full:https://registry.npmjs.org/@types%2fd3-polygon cache-miss
209 http fetch GET 200 https://registry.npmjs.org/@types%2fd3-timer 74ms (cache miss)
210 silly packumentCache full:https://registry.npmjs.org/@types%2fd3-timer set size:undefined disposed:false
211 silly fetch manifest @types/d3-delaunay@*
212 silly packumentCache full:https://registry.npmjs.org/@types%2fd3-delaunay cache-miss
213 http fetch GET 200 https://registry.npmjs.org/@types%2fd3-format 62ms (cache miss)
214 silly packumentCache full:https://registry.npmjs.org/@types%2fd3-format set size:undefined disposed:false
215 silly fetch manifest @types/d3-dispatch@*
216 silly packumentCache full:https://registry.npmjs.org/@types%2fd3-dispatch cache-miss
217 http fetch GET 200 https://registry.npmjs.org/@types%2fd3-fetch 96ms (cache miss)
218 silly packumentCache full:https://registry.npmjs.org/@types%2fd3-fetch set size:undefined disposed:false
219 silly fetch manifest @types/d3-quadtree@*
220 silly packumentCache full:https://registry.npmjs.org/@types%2fd3-quadtree cache-miss
221 http fetch GET 200 https://registry.npmjs.org/@types%2fd3-random 62ms (cache miss)
222 silly packumentCache full:https://registry.npmjs.org/@types%2fd3-random set size:undefined disposed:false
223 silly fetch manifest @types/d3-hierarchy@*
224 silly packumentCache full:https://registry.npmjs.org/@types%2fd3-hierarchy cache-miss
225 http fetch GET 200 https://registry.npmjs.org/@types%2fd3-contour 53ms (cache miss)
226 silly packumentCache full:https://registry.npmjs.org/@types%2fd3-contour set size:undefined disposed:false
227 silly fetch manifest @types/d3-selection@*
228 silly packumentCache full:https://registry.npmjs.org/@types%2fd3-selection cache-miss
229 http fetch GET 200 https://registry.npmjs.org/@types%2fd3-polygon 58ms (cache miss)
230 silly packumentCache full:https://registry.npmjs.org/@types%2fd3-polygon set size:undefined disposed:false
231 silly fetch manifest @types/d3-transition@*
232 silly packumentCache full:https://registry.npmjs.org/@types%2fd3-transition cache-miss
233 http fetch GET 200 https://registry.npmjs.org/@types%2fd3-dispatch 59ms (cache miss)
234 silly packumentCache full:https://registry.npmjs.org/@types%2fd3-dispatch set size:undefined disposed:false
235 silly fetch manifest @types/d3-interpolate@*
236 silly packumentCache full:https://registry.npmjs.org/@types%2fd3-interpolate cache-miss
237 http fetch GET 200 https://registry.npmjs.org/@types%2fd3-quadtree 57ms (cache miss)
238 silly packumentCache full:https://registry.npmjs.org/@types%2fd3-quadtree set size:undefined disposed:false
239 silly fetch manifest @types/d3-time-format@*
240 silly packumentCache full:https://registry.npmjs.org/@types%2fd3-time-format cache-miss
241 http fetch GET 200 https://registry.npmjs.org/@types%2fd3-delaunay 69ms (cache miss)
242 silly packumentCache full:https://registry.npmjs.org/@types%2fd3-delaunay set size:undefined disposed:false
243 silly fetch manifest @types/d3-scale-chromatic@*
244 silly packumentCache full:https://registry.npmjs.org/@types%2fd3-scale-chromatic cache-miss
245 http fetch GET 200 https://registry.npmjs.org/@types%2fd3-axis 245ms (cache miss)
246 silly packumentCache full:https://registry.npmjs.org/@types%2fd3-axis set size:undefined disposed:false
247 silly fetch manifest d3-selection@^3.0.0
248 silly packumentCache full:https://registry.npmjs.org/d3-selection cache-miss
249 http fetch GET 200 https://registry.npmjs.org/@types%2fd3-selection 59ms (cache miss)
250 silly packumentCache full:https://registry.npmjs.org/@types%2fd3-selection set size:undefined disposed:false
251 silly fetch manifest d3-transition@^3.0.1
252 silly packumentCache full:https://registry.npmjs.org/d3-transition cache-miss
253 http fetch GET 200 https://registry.npmjs.org/@types%2fd3-brush 200ms (cache miss)
254 silly packumentCache full:https://registry.npmjs.org/@types%2fd3-brush set size:undefined disposed:false
255 silly fetch manifest @chevrotain/gast@13.2.0
256 silly packumentCache full:https://registry.npmjs.org/@chevrotain%2fgast cache-miss
257 http fetch GET 200 https://registry.npmjs.org/@types%2fd3-hierarchy 64ms (cache miss)
258 silly packumentCache full:https://registry.npmjs.org/@types%2fd3-hierarchy set size:undefined disposed:false
259 silly fetch manifest @chevrotain/types@13.2.0
260 silly packumentCache full:https://registry.npmjs.org/@chevrotain%2ftypes cache-miss
261 http cache https://registry.npmjs.org/@chevrotain%2ftypes 7ms (cache hit)
262 silly packumentCache full:https://registry.npmjs.org/@chevrotain%2ftypes set size:65837 disposed:false
263 silly fetch manifest @chevrotain/utils@13.2.0
264 silly packumentCache full:https://registry.npmjs.org/@chevrotain%2futils cache-miss
265 http fetch GET 200 https://registry.npmjs.org/@types%2fd3-transition 64ms (cache miss)
266 silly packumentCache full:https://registry.npmjs.org/@types%2fd3-transition set size:undefined disposed:false
267 silly fetch manifest @chevrotain/cst-dts-gen@13.2.0
268 silly packumentCache full:https://registry.npmjs.org/@chevrotain%2fcst-dts-gen cache-miss
269 http fetch GET 200 https://registry.npmjs.org/@types%2fd3-color 203ms (cache miss)
270 silly packumentCache full:https://registry.npmjs.org/@types%2fd3-color set size:undefined disposed:false
271 silly fetch manifest @chevrotain/regexp-to-ast@13.2.0
272 silly packumentCache full:https://registry.npmjs.org/@chevrotain%2fregexp-to-ast cache-miss
273 http fetch GET 200 https://registry.npmjs.org/@types%2fd3-time-format 52ms (cache miss)
274 silly packumentCache full:https://registry.npmjs.org/@types%2fd3-time-format set size:undefined disposed:false
275 silly fetch manifest cose-base@^1.0.0
276 silly packumentCache full:https://registry.npmjs.org/cose-base cache-miss
277 http fetch GET 200 https://registry.npmjs.org/@types%2fd3-scale 204ms (cache miss)
278 silly packumentCache full:https://registry.npmjs.org/@types%2fd3-scale set size:undefined disposed:false
279 silly fetch manifest cose-base@^2.2.0
280 silly packumentCache full:https://registry.npmjs.org/cose-base cache-miss
281 http fetch GET 200 https://registry.npmjs.org/@types%2fd3-scale-chromatic 65ms (cache miss)
282 silly packumentCache full:https://registry.npmjs.org/@types%2fd3-scale-chromatic set size:undefined disposed:false
283 silly fetch manifest d3-dsv@3
284 silly packumentCache full:https://registry.npmjs.org/d3-dsv cache-miss
285 http fetch GET 200 https://registry.npmjs.org/@chevrotain%2fgast 61ms (cache miss)
286 silly packumentCache full:https://registry.npmjs.org/@chevrotain%2fgast set size:undefined disposed:false
287 silly fetch manifest d3-geo@3
288 silly packumentCache full:https://registry.npmjs.org/d3-geo cache-miss
289 http fetch GET 200 https://registry.npmjs.org/d3-selection 72ms (cache miss)
290 silly packumentCache full:https://registry.npmjs.org/d3-selection set size:undefined disposed:false
291 silly fetch manifest d3-axis@3
292 silly packumentCache full:https://registry.npmjs.org/d3-axis cache-miss
293 http fetch GET 200 https://registry.npmjs.org/cose-base 57ms (cache miss)
294 silly packumentCache full:https://registry.npmjs.org/cose-base set size:undefined disposed:false
295 silly fetch manifest d3-drag@3
296 silly packumentCache full:https://registry.npmjs.org/d3-drag cache-miss
297 http fetch GET 200 https://registry.npmjs.org/cose-base 58ms (cache miss)
298 silly packumentCache full:https://registry.npmjs.org/cose-base set size:undefined disposed:false
299 silly fetch manifest d3-ease@3
300 silly packumentCache full:https://registry.npmjs.org/d3-ease cache-miss
301 http fetch GET 200 https://registry.npmjs.org/@types%2fd3-dsv 341ms (cache miss)
302 silly packumentCache full:https://registry.npmjs.org/@types%2fd3-dsv set size:undefined disposed:false
303 silly fetch manifest d3-path@3
304 silly packumentCache full:https://registry.npmjs.org/d3-path cache-miss
305 http fetch GET 200 https://registry.npmjs.org/@chevrotain%2futils 79ms (cache miss)
306 silly packumentCache full:https://registry.npmjs.org/@chevrotain%2futils set size:undefined disposed:false
307 silly fetch manifest d3-time@3
308 silly packumentCache full:https://registry.npmjs.org/d3-time cache-miss
309 http fetch GET 200 https://registry.npmjs.org/@chevrotain%2fregexp-to-ast 74ms (cache miss)
310 silly packumentCache full:https://registry.npmjs.org/@chevrotain%2fregexp-to-ast set size:undefined disposed:false
311 silly fetch manifest d3-zoom@3
312 silly packumentCache full:https://registry.npmjs.org/d3-zoom cache-miss
313 http fetch GET 200 https://registry.npmjs.org/@chevrotain%2fcst-dts-gen 79ms (cache miss)
314 silly packumentCache full:https://registry.npmjs.org/@chevrotain%2fcst-dts-gen set size:undefined disposed:false
315 silly fetch manifest d3-array@3
316 silly packumentCache full:https://registry.npmjs.org/d3-array cache-miss
317 http fetch GET 200 https://registry.npmjs.org/d3-transition 100ms (cache miss)
318 silly packumentCache full:https://registry.npmjs.org/d3-transition set size:undefined disposed:false
319 silly fetch manifest d3-brush@3
320 silly packumentCache full:https://registry.npmjs.org/d3-brush cache-miss
321 http fetch GET 200 https://registry.npmjs.org/d3-dsv 68ms (cache miss)
322 silly packumentCache full:https://registry.npmjs.org/d3-dsv set size:undefined disposed:false
323 silly fetch manifest d3-chord@3
324 silly packumentCache full:https://registry.npmjs.org/d3-chord cache-miss
325 http fetch GET 200 https://registry.npmjs.org/d3-axis 51ms (cache miss)
326 silly packumentCache full:https://registry.npmjs.org/d3-axis set size:undefined disposed:false
327 silly fetch manifest d3-color@3
328 silly packumentCache full:https://registry.npmjs.org/d3-color cache-miss
329 http fetch GET 200 https://registry.npmjs.org/d3-geo 73ms (cache miss)
330 silly packumentCache full:https://registry.npmjs.org/d3-geo set size:undefined disposed:false
331 silly fetch manifest d3-fetch@3
332 silly packumentCache full:https://registry.npmjs.org/d3-fetch cache-miss
333 http fetch GET 200 https://registry.npmjs.org/d3-drag 56ms (cache miss)
334 silly packumentCache full:https://registry.npmjs.org/d3-drag set size:undefined disposed:false
335 silly fetch manifest d3-force@3
336 silly packumentCache full:https://registry.npmjs.org/d3-force cache-miss
337 http fetch GET 200 https://registry.npmjs.org/d3-ease 61ms (cache miss)
338 silly packumentCache full:https://registry.npmjs.org/d3-ease set size:undefined disposed:false
339 silly fetch manifest d3-scale@4
340 silly packumentCache full:https://registry.npmjs.org/d3-scale cache-miss
341 http fetch GET 200 https://registry.npmjs.org/d3-path 62ms (cache miss)
342 silly packumentCache full:https://registry.npmjs.org/d3-path set size:undefined disposed:false
343 silly fetch manifest d3-shape@3
344 silly packumentCache full:https://registry.npmjs.org/d3-shape cache-miss
345 http fetch GET 200 https://registry.npmjs.org/d3-zoom 63ms (cache miss)
346 silly packumentCache full:https://registry.npmjs.org/d3-zoom set size:undefined disposed:false
347 silly fetch manifest d3-timer@3
348 silly packumentCache full:https://registry.npmjs.org/d3-timer cache-miss
349 http fetch GET 200 https://registry.npmjs.org/d3-time 69ms (cache miss)
350 silly packumentCache full:https://registry.npmjs.org/d3-time set size:undefined disposed:false
351 silly fetch manifest d3-format@3
352 silly packumentCache full:https://registry.npmjs.org/d3-format cache-miss
353 http fetch GET 200 https://registry.npmjs.org/d3-brush 64ms (cache miss)
354 silly packumentCache full:https://registry.npmjs.org/d3-brush set size:undefined disposed:false
355 silly fetch manifest d3-random@3
356 silly packumentCache full:https://registry.npmjs.org/d3-random cache-miss
357 http fetch GET 200 https://registry.npmjs.org/d3-array 71ms (cache miss)
358 silly packumentCache full:https://registry.npmjs.org/d3-array set size:undefined disposed:false
359 silly fetch manifest d3-contour@4
360 silly packumentCache full:https://registry.npmjs.org/d3-contour cache-miss
361 http fetch GET 200 https://registry.npmjs.org/@types%2fd3-interpolate 201ms (cache miss)
362 silly packumentCache full:https://registry.npmjs.org/@types%2fd3-interpolate set size:undefined disposed:false
363 silly fetch manifest d3-polygon@3
364 silly packumentCache full:https://registry.npmjs.org/d3-polygon cache-miss
365 http fetch GET 200 https://registry.npmjs.org/d3-color 59ms (cache miss)
366 silly packumentCache full:https://registry.npmjs.org/d3-color set size:undefined disposed:false
367 silly fetch manifest d3-delaunay@6
368 silly packumentCache full:https://registry.npmjs.org/d3-delaunay cache-miss
369 http fetch GET 200 https://registry.npmjs.org/d3-chord 72ms (cache miss)
370 silly packumentCache full:https://registry.npmjs.org/d3-chord set size:undefined disposed:false
371 silly fetch manifest d3-dispatch@3
372 silly packumentCache full:https://registry.npmjs.org/d3-dispatch cache-miss
373 http fetch GET 200 https://registry.npmjs.org/d3-fetch 47ms (cache miss)
374 silly packumentCache full:https://registry.npmjs.org/d3-fetch set size:undefined disposed:false
375 silly fetch manifest d3-quadtree@3
376 silly packumentCache full:https://registry.npmjs.org/d3-quadtree cache-miss
377 http fetch GET 200 https://registry.npmjs.org/d3-force 70ms (cache miss)
378 silly packumentCache full:https://registry.npmjs.org/d3-force set size:undefined disposed:false
379 silly fetch manifest d3-hierarchy@3
380 silly packumentCache full:https://registry.npmjs.org/d3-hierarchy cache-miss
381 http fetch GET 200 https://registry.npmjs.org/d3-shape 66ms (cache miss)
382 silly packumentCache full:https://registry.npmjs.org/d3-shape set size:undefined disposed:false
383 silly fetch manifest d3-selection@3
384 silly packumentCache full:https://registry.npmjs.org/d3-selection cache-miss
385 http fetch GET 200 https://registry.npmjs.org/d3-timer 59ms (cache miss)
386 silly packumentCache full:https://registry.npmjs.org/d3-timer set size:undefined disposed:false
387 silly fetch manifest d3-transition@3
388 silly packumentCache full:https://registry.npmjs.org/d3-transition cache-miss
389 http fetch GET 200 https://registry.npmjs.org/d3-random 62ms (cache miss)
390 silly packumentCache full:https://registry.npmjs.org/d3-random set size:undefined disposed:false
391 silly fetch manifest d3-interpolate@3
392 silly packumentCache full:https://registry.npmjs.org/d3-interpolate cache-miss
393 http cache https://registry.npmjs.org/d3-selection 16ms (cache hit)
394 silly packumentCache full:https://registry.npmjs.org/d3-selection set size:436645 disposed:false
395 silly fetch manifest d3-time-format@4
396 silly packumentCache full:https://registry.npmjs.org/d3-time-format cache-miss
397 http fetch GET 200 https://registry.npmjs.org/d3-polygon 65ms (cache miss)
398 silly packumentCache full:https://registry.npmjs.org/d3-polygon set size:undefined disposed:false
399 silly fetch manifest d3-scale-chromatic@3
400 silly packumentCache full:https://registry.npmjs.org/d3-scale-chromatic cache-miss
401 http cache https://registry.npmjs.org/d3-transition 22ms (cache hit)
402 silly packumentCache full:https://registry.npmjs.org/d3-transition set size:440595 disposed:false
403 silly fetch manifest d3-array@1 - 2
404 silly packumentCache full:https://registry.npmjs.org/d3-array cache-miss
405 http fetch GET 200 https://registry.npmjs.org/d3-format 84ms (cache miss)
406 silly packumentCache full:https://registry.npmjs.org/d3-format set size:undefined disposed:false
407 silly fetch manifest d3-shape@^1.2.0
408 silly packumentCache full:https://registry.npmjs.org/d3-shape cache-miss
409 http fetch GET 200 https://registry.npmjs.org/d3-contour 82ms (cache miss)
410 silly packumentCache full:https://registry.npmjs.org/d3-contour set size:undefined disposed:false
411 silly fetch manifest lodash-es@^4.17.21
412 silly packumentCache full:https://registry.npmjs.org/lodash-es cache-miss
413 http fetch GET 200 https://registry.npmjs.org/@types%2fd3-force 436ms (cache miss)
414 silly packumentCache full:https://registry.npmjs.org/@types%2fd3-force set size:undefined disposed:false
415 silly fetch manifest @types/trusted-types@^2.0.7
416 silly packumentCache full:https://registry.npmjs.org/@types%2ftrusted-types cache-miss
417 http fetch GET 200 https://registry.npmjs.org/d3-delaunay 79ms (cache miss)
418 silly packumentCache full:https://registry.npmjs.org/d3-delaunay set size:undefined disposed:false
419 silly fetch manifest commander@^8.3.0
420 silly packumentCache full:https://registry.npmjs.org/commander cache-miss
421 http fetch GET 200 https://registry.npmjs.org/d3-dispatch 77ms (cache miss)
422 silly packumentCache full:https://registry.npmjs.org/d3-dispatch set size:undefined disposed:false
423 silly fetch manifest hachure-fill@^0.5.2
424 silly packumentCache full:https://registry.npmjs.org/hachure-fill cache-miss
425 http fetch GET 200 https://registry.npmjs.org/d3-quadtree 74ms (cache miss)
426 silly packumentCache full:https://registry.npmjs.org/d3-quadtree set size:undefined disposed:false
427 silly fetch manifest path-data-parser@^0.1.0
428 silly packumentCache full:https://registry.npmjs.org/path-data-parser cache-miss
429 http cache https://registry.npmjs.org/d3-array 19ms (cache hit)
430 silly packumentCache full:https://registry.npmjs.org/d3-array set size:246308 disposed:false
431 silly fetch manifest points-on-curve@^0.2.0
432 silly packumentCache full:https://registry.npmjs.org/points-on-curve cache-miss
433 http fetch GET 200 https://registry.npmjs.org/d3-scale 117ms (cache miss)
434 silly packumentCache full:https://registry.npmjs.org/d3-scale set size:undefined disposed:false
435 silly fetch manifest points-on-path@^0.2.1
436 silly packumentCache full:https://registry.npmjs.org/points-on-path cache-miss
437 http cache https://registry.npmjs.org/d3-shape 22ms (cache hit)
438 silly packumentCache full:https://registry.npmjs.org/d3-shape set size:275657 disposed:false
439 http fetch GET 200 https://registry.npmjs.org/lodash-es 53ms (cache miss)
440 silly packumentCache full:https://registry.npmjs.org/lodash-es set size:undefined disposed:false
441 http fetch GET 200 https://registry.npmjs.org/hachure-fill 53ms (cache miss)
442 silly packumentCache full:https://registry.npmjs.org/hachure-fill set size:undefined disposed:false
443 http fetch GET 200 https://registry.npmjs.org/path-data-parser 53ms (cache miss)
444 silly packumentCache full:https://registry.npmjs.org/path-data-parser set size:undefined disposed:false
445 http fetch GET 200 https://registry.npmjs.org/points-on-curve 52ms (cache miss)
446 silly packumentCache full:https://registry.npmjs.org/points-on-curve set size:undefined disposed:false
447 http fetch GET 200 https://registry.npmjs.org/@types%2fd3-chord 504ms (cache miss)
448 silly packumentCache full:https://registry.npmjs.org/@types%2fd3-chord set size:undefined disposed:false
449 http fetch GET 200 https://registry.npmjs.org/points-on-path 53ms (cache miss)
450 silly packumentCache full:https://registry.npmjs.org/points-on-path set size:undefined disposed:false
451 http fetch GET 200 https://registry.npmjs.org/commander 72ms (cache miss)
452 silly packumentCache full:https://registry.npmjs.org/commander set size:undefined disposed:false
453 http fetch GET 200 https://registry.npmjs.org/@types%2ftrusted-types 80ms (cache miss)
454 silly packumentCache full:https://registry.npmjs.org/@types%2ftrusted-types set size:undefined disposed:false
455 http fetch GET 200 https://registry.npmjs.org/d3-time-format 100ms (cache miss)
456 silly packumentCache full:https://registry.npmjs.org/d3-time-format set size:undefined disposed:false
457 http fetch GET 200 https://registry.npmjs.org/d3-hierarchy 329ms (cache miss)
458 silly packumentCache full:https://registry.npmjs.org/d3-hierarchy set size:undefined disposed:false
459 http fetch GET 200 https://registry.npmjs.org/d3-interpolate 396ms (cache miss)
460 silly packumentCache full:https://registry.npmjs.org/d3-interpolate set size:undefined disposed:false
461 http fetch GET 200 https://registry.npmjs.org/d3-scale-chromatic 395ms (cache miss)
462 silly packumentCache full:https://registry.npmjs.org/d3-scale-chromatic set size:undefined disposed:false
463 silly placeDep ROOT @antfu/install-pkg@2.1.0 OK for: @iconify/utils@3.1.7 want: ^2.0.1
464 silly placeDep ROOT @iconify/types@2.0.0 OK for: @iconify/utils@3.1.7 want: ^2.0.0
465 silly placeDep ROOT import-meta-resolve@4.2.0 OK for: @iconify/utils@3.1.7 want: ^4.2.0
466 silly fetch manifest tinyexec@^1.3.1
467 silly packumentCache full:https://registry.npmjs.org/tinyexec cache-miss
468 silly fetch manifest package-manager-detector@^1.8.0
469 silly packumentCache full:https://registry.npmjs.org/package-manager-detector cache-miss
470 http fetch GET 200 https://registry.npmjs.org/tinyexec 50ms (cache miss)
471 silly packumentCache full:https://registry.npmjs.org/tinyexec set size:undefined disposed:false
472 http fetch GET 200 https://registry.npmjs.org/package-manager-detector 52ms (cache miss)
473 silly packumentCache full:https://registry.npmjs.org/package-manager-detector set size:undefined disposed:false
474 silly placeDep ROOT package-manager-detector@1.9.0 OK for: @antfu/install-pkg@2.1.0 want: ^1.8.0
475 silly placeDep ROOT tinyexec@1.3.1 OK for: @antfu/install-pkg@2.1.0 want: ^1.3.1
476 silly placeDep ROOT @chevrotain/types@13.2.0 OK for: @mermaid-js/parser@2.0.1 want: ~13.2.0
477 silly placeDep ROOT @types/d3-array@3.2.2 OK for: @types/d3@7.4.3 want: *
478 silly placeDep ROOT @types/d3-axis@3.0.6 OK for: @types/d3@7.4.3 want: *
479 silly placeDep ROOT @types/d3-brush@3.0.6 OK for: @types/d3@7.4.3 want: *
480 silly placeDep ROOT @types/d3-chord@3.0.6 OK for: @types/d3@7.4.3 want: *
481 silly placeDep ROOT @types/d3-color@3.1.3 OK for: @types/d3@7.4.3 want: *
482 silly placeDep ROOT @types/d3-contour@3.0.6 OK for: @types/d3@7.4.3 want: *
483 silly placeDep ROOT @types/d3-delaunay@6.0.4 OK for: @types/d3@7.4.3 want: *
484 silly placeDep ROOT @types/d3-dispatch@3.0.7 OK for: @types/d3@7.4.3 want: *
485 silly placeDep ROOT @types/d3-drag@3.0.7 OK for: @types/d3@7.4.3 want: *
486 silly placeDep ROOT @types/d3-dsv@3.0.7 OK for: @types/d3@7.4.3 want: *
487 silly placeDep ROOT @types/d3-ease@3.0.2 OK for: @types/d3@7.4.3 want: *
488 silly placeDep ROOT @types/d3-fetch@3.0.7 OK for: @types/d3@7.4.3 want: *
489 silly placeDep ROOT @types/d3-force@3.0.10 OK for: @types/d3@7.4.3 want: *
490 silly placeDep ROOT @types/d3-format@3.0.4 OK for: @types/d3@7.4.3 want: *
491 silly placeDep ROOT @types/d3-geo@3.1.1 OK for: @types/d3@7.4.3 want: *
492 silly placeDep ROOT @types/d3-hierarchy@3.1.7 OK for: @types/d3@7.4.3 want: *
493 silly placeDep ROOT @types/d3-interpolate@3.0.4 OK for: @types/d3@7.4.3 want: *
494 silly placeDep ROOT @types/d3-path@3.1.1 OK for: @types/d3@7.4.3 want: *
495 silly placeDep ROOT @types/d3-polygon@3.0.2 OK for: @types/d3@7.4.3 want: *
496 silly placeDep ROOT @types/d3-quadtree@3.0.6 OK for: @types/d3@7.4.3 want: *
497 silly placeDep ROOT @types/d3-random@3.0.4 OK for: @types/d3@7.4.3 want: *
498 silly placeDep ROOT @types/d3-scale@4.0.9 OK for: @types/d3@7.4.3 want: *
499 silly placeDep ROOT @types/d3-scale-chromatic@3.1.0 OK for: @types/d3@7.4.3 want: *
500 silly placeDep ROOT @types/d3-selection@3.0.12 OK for: @types/d3@7.4.3 want: *
501 silly placeDep ROOT @types/d3-shape@3.2.0 OK for: @types/d3@7.4.3 want: *
502 silly placeDep ROOT @types/d3-time@3.0.4 OK for: @types/d3@7.4.3 want: *
503 silly placeDep ROOT @types/d3-time-format@4.0.3 OK for: @types/d3@7.4.3 want: *
504 silly placeDep ROOT @types/d3-timer@3.0.2 OK for: @types/d3@7.4.3 want: *
505 silly placeDep ROOT @types/d3-transition@3.0.9 OK for: @types/d3@7.4.3 want: *
506 silly placeDep ROOT @types/d3-zoom@3.0.9 OK for: @types/d3@7.4.3 want: *
507 silly fetch manifest @types/geojson@*
508 silly packumentCache full:https://registry.npmjs.org/@types%2fgeojson cache-miss
509 silly fetch manifest @types/geojson@*
510 silly packumentCache full:https://registry.npmjs.org/@types%2fgeojson cache-miss
511 http fetch GET 200 https://registry.npmjs.org/@types%2fgeojson 58ms (cache miss)
512 silly packumentCache full:https://registry.npmjs.org/@types%2fgeojson set size:undefined disposed:false
513 http fetch GET 200 https://registry.npmjs.org/@types%2fgeojson 57ms (cache miss)
514 silly packumentCache full:https://registry.npmjs.org/@types%2fgeojson set size:undefined disposed:false
515 silly placeDep ROOT @types/geojson@7946.0.16 OK for: @types/d3-contour@3.0.6 want: *
516 silly placeDep ROOT d3-selection@3.0.0 OK for: @upsetjs/venn.js@2.0.0 want: ^3.0.0
517 silly placeDep ROOT d3-transition@3.0.1 OK for: @upsetjs/venn.js@2.0.0 want: ^3.0.1
518 silly fetch manifest d3-color@1 - 3
519 silly packumentCache full:https://registry.npmjs.org/d3-color cache-miss
520 silly fetch manifest d3-dispatch@1 - 3
521 silly packumentCache full:https://registry.npmjs.org/d3-dispatch cache-miss
522 silly fetch manifest d3-ease@1 - 3
523 silly packumentCache full:https://registry.npmjs.org/d3-ease cache-miss
524 silly fetch manifest d3-interpolate@1 - 3
525 silly packumentCache full:https://registry.npmjs.org/d3-interpolate cache-miss
526 silly fetch manifest d3-timer@1 - 3
527 silly packumentCache full:https://registry.npmjs.org/d3-timer cache-miss
528 http cache https://registry.npmjs.org/d3-dispatch 5ms (cache hit)
529 silly packumentCache full:https://registry.npmjs.org/d3-dispatch set size:82955 disposed:false
530 http cache https://registry.npmjs.org/d3-ease 6ms (cache hit)
531 silly packumentCache full:https://registry.npmjs.org/d3-ease set size:109490 disposed:false
532 http cache https://registry.npmjs.org/d3-color 8ms (cache hit)
533 silly packumentCache full:https://registry.npmjs.org/d3-color set size:142335 disposed:false
534 http cache https://registry.npmjs.org/d3-timer 8ms (cache hit)
535 silly packumentCache full:https://registry.npmjs.org/d3-timer set size:101516 disposed:false
536 http cache https://registry.npmjs.org/d3-interpolate 9ms (cache hit)
537 silly packumentCache full:https://registry.npmjs.org/d3-interpolate set size:162337 disposed:false
538 silly placeDep ROOT @chevrotain/cst-dts-gen@13.2.0 OK for: chevrotain@13.2.0 want: 13.2.0
539 silly placeDep ROOT @chevrotain/gast@13.2.0 OK for: chevrotain@13.2.0 want: 13.2.0
540 silly placeDep ROOT @chevrotain/regexp-to-ast@13.2.0 OK for: chevrotain@13.2.0 want: 13.2.0
541 silly placeDep ROOT @chevrotain/utils@13.2.0 OK for: chevrotain@13.2.0 want: 13.2.0
542 silly placeDep ROOT cose-base@1.0.3 OK for: cytoscape-cose-bilkent@4.1.0 want: ^1.0.0
543 silly fetch manifest layout-base@^1.0.0
544 silly packumentCache full:https://registry.npmjs.org/layout-base cache-miss
545 http fetch GET 200 https://registry.npmjs.org/layout-base 46ms (cache miss)
546 silly packumentCache full:https://registry.npmjs.org/layout-base set size:undefined disposed:false
547 silly placeDep ROOT layout-base@1.0.2 OK for: cose-base@1.0.3 want: ^1.0.0
548 silly placeDep node_modules/cytoscape-fcose cose-base@2.2.0 OK for: cytoscape-fcose@2.2.0 want: ^2.2.0
549 silly fetch manifest layout-base@^2.0.0
550 silly packumentCache full:https://registry.npmjs.org/layout-base cache-miss
551 http cache https://registry.npmjs.org/layout-base 3ms (cache hit)
552 silly packumentCache full:https://registry.npmjs.org/layout-base set size:16403 disposed:false
553 silly placeDep ROOT d3-array@3.2.4 OK for: d3@7.9.0 want: 3
554 silly placeDep ROOT d3-axis@3.0.0 OK for: d3@7.9.0 want: 3
555 silly placeDep ROOT d3-brush@3.0.0 OK for: d3@7.9.0 want: 3
556 silly placeDep ROOT d3-chord@3.0.1 OK for: d3@7.9.0 want: 3
557 silly placeDep ROOT d3-color@3.1.0 OK for: d3@7.9.0 want: 3
558 silly placeDep ROOT d3-contour@4.0.2 OK for: d3@7.9.0 want: 4
559 silly placeDep ROOT d3-delaunay@6.0.4 OK for: d3@7.9.0 want: 6
560 silly placeDep ROOT d3-dispatch@3.0.1 OK for: d3@7.9.0 want: 3
561 silly placeDep ROOT d3-drag@3.0.0 OK for: d3@7.9.0 want: 3
562 silly placeDep ROOT d3-dsv@3.0.1 OK for: d3@7.9.0 want: 3
563 silly placeDep ROOT d3-ease@3.0.1 OK for: d3@7.9.0 want: 3
564 silly placeDep ROOT d3-fetch@3.0.1 OK for: d3@7.9.0 want: 3
565 silly placeDep ROOT d3-force@3.0.0 OK for: d3@7.9.0 want: 3
566 silly placeDep ROOT d3-format@3.1.2 OK for: d3@7.9.0 want: 3
567 silly placeDep ROOT d3-geo@3.1.1 OK for: d3@7.9.0 want: 3
568 silly placeDep ROOT d3-hierarchy@3.1.2 OK for: d3@7.9.0 want: 3
569 silly placeDep ROOT d3-interpolate@3.0.1 OK for: d3@7.9.0 want: 3
570 silly placeDep ROOT d3-path@3.1.0 OK for: d3@7.9.0 want: 3
571 silly placeDep ROOT d3-polygon@3.0.1 OK for: d3@7.9.0 want: 3
572 silly placeDep ROOT d3-quadtree@3.0.1 OK for: d3@7.9.0 want: 3
573 silly placeDep ROOT d3-random@3.0.1 OK for: d3@7.9.0 want: 3
574 silly placeDep ROOT d3-scale@4.0.2 OK for: d3@7.9.0 want: 4
575 silly placeDep ROOT d3-scale-chromatic@3.1.0 OK for: d3@7.9.0 want: 3
576 silly placeDep ROOT d3-shape@3.2.0 OK for: d3@7.9.0 want: 3
577 silly placeDep ROOT d3-time@3.1.0 OK for: d3@7.9.0 want: 3
578 silly placeDep ROOT d3-time-format@4.1.0 OK for: d3@7.9.0 want: 4
579 silly placeDep ROOT d3-timer@3.0.1 OK for: d3@7.9.0 want: 3
580 silly placeDep ROOT d3-zoom@3.0.0 OK for: d3@7.9.0 want: 3
581 silly fetch manifest internmap@1 - 2
582 silly packumentCache full:https://registry.npmjs.org/internmap cache-miss
583 silly fetch manifest d3-drag@2 - 3
584 silly packumentCache full:https://registry.npmjs.org/d3-drag cache-miss
585 silly fetch manifest d3-path@1 - 3
586 silly packumentCache full:https://registry.npmjs.org/d3-path cache-miss
587 silly fetch manifest delaunator@5
588 silly packumentCache full:https://registry.npmjs.org/delaunator cache-miss
589 silly fetch manifest commander@7
590 silly packumentCache full:https://registry.npmjs.org/commander cache-miss
591 silly fetch manifest iconv-lite@0.6
592 silly packumentCache full:https://registry.npmjs.org/iconv-lite cache-miss
593 silly fetch manifest rw@1
594 silly packumentCache full:https://registry.npmjs.org/rw cache-miss
595 silly fetch manifest d3-quadtree@1 - 3
596 silly packumentCache full:https://registry.npmjs.org/d3-quadtree cache-miss
597 silly fetch manifest d3-time@2.1.1 - 3
598 silly packumentCache full:https://registry.npmjs.org/d3-time cache-miss
599 silly fetch manifest d3-time-format@2 - 4
600 silly packumentCache full:https://registry.npmjs.org/d3-time-format cache-miss
601 http cache https://registry.npmjs.org/d3-quadtree 9ms (cache hit)
602 silly packumentCache full:https://registry.npmjs.org/d3-quadtree set size:98011 disposed:false
603 http cache https://registry.npmjs.org/d3-drag 11ms (cache hit)
604 silly packumentCache full:https://registry.npmjs.org/d3-drag set size:116130 disposed:false
605 http cache https://registry.npmjs.org/commander 11ms (cache hit)
606 silly packumentCache full:https://registry.npmjs.org/commander set size:353104 disposed:false
607 http cache https://registry.npmjs.org/d3-time 13ms (cache hit)
608 silly packumentCache full:https://registry.npmjs.org/d3-time set size:150406 disposed:false
609 http cache https://registry.npmjs.org/d3-path 15ms (cache hit)
610 silly packumentCache full:https://registry.npmjs.org/d3-path set size:77883 disposed:false
611 http cache https://registry.npmjs.org/d3-time-format 14ms (cache hit)
612 silly packumentCache full:https://registry.npmjs.org/d3-time-format set size:124514 disposed:false
613 http fetch GET 200 https://registry.npmjs.org/internmap 48ms (cache miss)
614 silly packumentCache full:https://registry.npmjs.org/internmap set size:undefined disposed:false
615 http fetch GET 200 https://registry.npmjs.org/rw 55ms (cache miss)
616 silly packumentCache full:https://registry.npmjs.org/rw set size:undefined disposed:false
617 http fetch GET 200 https://registry.npmjs.org/iconv-lite 57ms (cache miss)
618 silly packumentCache full:https://registry.npmjs.org/iconv-lite set size:undefined disposed:false
619 http fetch GET 200 https://registry.npmjs.org/delaunator 63ms (cache miss)
620 silly packumentCache full:https://registry.npmjs.org/delaunator set size:undefined disposed:false
621 silly placeDep ROOT internmap@2.0.3 OK for: d3-array@3.2.4 want: 1 - 2
622 silly placeDep ROOT delaunator@5.1.0 OK for: d3-delaunay@6.0.4 want: 5
623 silly fetch manifest robust-predicates@^3.0.2
624 silly packumentCache full:https://registry.npmjs.org/robust-predicates cache-miss
625 http fetch GET 200 https://registry.npmjs.org/robust-predicates 50ms (cache miss)
626 silly packumentCache full:https://registry.npmjs.org/robust-predicates set size:undefined disposed:false
627 silly placeDep ROOT commander@7.2.0 OK for: d3-dsv@3.0.1 want: 7
628 silly placeDep ROOT iconv-lite@0.6.3 OK for: d3-dsv@3.0.1 want: 0.6
629 silly placeDep ROOT rw@1.3.3 OK for: d3-dsv@3.0.1 want: 1
630 silly fetch manifest safer-buffer@>= 2.1.2 < 3.0.0
631 silly packumentCache full:https://registry.npmjs.org/safer-buffer cache-miss
632 http fetch GET 200 https://registry.npmjs.org/safer-buffer 59ms (cache miss)
633 silly packumentCache full:https://registry.npmjs.org/safer-buffer set size:undefined disposed:false
634 silly placeDep node_modules/d3-sankey d3-array@2.12.1 OK for: d3-sankey@0.12.3 want: 1 - 2
635 silly placeDep node_modules/d3-sankey d3-shape@1.3.7 OK for: d3-sankey@0.12.3 want: ^1.2.0
636 silly fetch manifest internmap@^1.0.0
637 silly packumentCache full:https://registry.npmjs.org/internmap cache-miss
638 silly fetch manifest d3-path@1
639 silly packumentCache full:https://registry.npmjs.org/d3-path cache-hit
640 http cache https://registry.npmjs.org/internmap 3ms (cache hit)
641 silly packumentCache full:https://registry.npmjs.org/internmap set size:19637 disposed:false
642 silly placeDep ROOT lodash-es@4.18.1 OK for: dagre-d3-es@7.0.14 want: ^4.17.21
643 silly placeDep ROOT robust-predicates@3.0.3 OK for: delaunator@5.1.0 want: ^3.0.2
644 silly placeDep ROOT @types/trusted-types@2.0.7 OK for: dompurify@3.4.16 want: ^2.0.7
645 silly placeDep ROOT safer-buffer@2.1.2 OK for: iconv-lite@0.6.3 want: >= 2.1.2 < 3.0.0
646 silly placeDep node_modules/katex commander@8.3.0 OK for: katex@0.16.47 want: ^8.3.0
647 silly placeDep ROOT hachure-fill@0.5.2 OK for: roughjs@4.6.6 want: ^0.5.2
648 silly placeDep ROOT path-data-parser@0.1.0 OK for: roughjs@4.6.6 want: ^0.1.0
649 silly placeDep ROOT points-on-curve@0.2.0 OK for: roughjs@4.6.6 want: ^0.2.0
650 silly placeDep ROOT points-on-path@0.2.1 OK for: roughjs@4.6.6 want: ^0.2.1
651 silly placeDep node_modules/cytoscape-fcose layout-base@2.0.1 OK for: cose-base@2.2.0 want: ^2.0.0
652 silly placeDep node_modules/d3-sankey internmap@1.0.1 OK for: d3-array@2.12.1 want: ^1.0.0
653 silly placeDep node_modules/d3-sankey d3-path@1.0.9 OK for: d3-shape@1.3.7 want: 1
654 silly reify moves {}
655 http cache points-on-path@https://registry.npmjs.org/points-on-path/-/points-on-path-0.2.1.tgz 0ms (cache hit)
656 http cache points-on-curve@https://registry.npmjs.org/points-on-curve/-/points-on-curve-0.2.0.tgz 0ms (cache hit)
657 http cache path-data-parser@https://registry.npmjs.org/path-data-parser/-/path-data-parser-0.1.0.tgz 0ms (cache hit)
658 http cache robust-predicates@https://registry.npmjs.org/robust-predicates/-/robust-predicates-3.0.3.tgz 0ms (cache hit)
659 http cache @types/trusted-types@https://registry.npmjs.org/@types/trusted-types/-/trusted-types-2.0.7.tgz 0ms (cache hit)
660 http cache lodash-es@https://registry.npmjs.org/lodash-es/-/lodash-es-4.18.1.tgz 0ms (cache hit)
661 http cache hachure-fill@https://registry.npmjs.org/hachure-fill/-/hachure-fill-0.5.2.tgz 0ms (cache hit)
662 http cache safer-buffer@https://registry.npmjs.org/safer-buffer/-/safer-buffer-2.1.2.tgz 0ms (cache hit)
663 http cache iconv-lite@https://registry.npmjs.org/iconv-lite/-/iconv-lite-0.6.3.tgz 0ms (cache hit)
664 http cache rw@https://registry.npmjs.org/rw/-/rw-1.3.3.tgz 0ms (cache hit)
665 http cache delaunator@https://registry.npmjs.org/delaunator/-/delaunator-5.1.0.tgz 0ms (cache hit)
666 http cache commander@https://registry.npmjs.org/commander/-/commander-7.2.0.tgz 0ms (cache hit)
667 http cache internmap@https://registry.npmjs.org/internmap/-/internmap-2.0.3.tgz 0ms (cache hit)
668 http cache d3-time-format@https://registry.npmjs.org/d3-time-format/-/d3-time-format-4.1.0.tgz 0ms (cache hit)
669 http cache d3-zoom@https://registry.npmjs.org/d3-zoom/-/d3-zoom-3.0.0.tgz 0ms (cache hit)
670 http cache d3-timer@https://registry.npmjs.org/d3-timer/-/d3-timer-3.0.1.tgz 0ms (cache hit)
671 http cache d3-shape@https://registry.npmjs.org/d3-shape/-/d3-shape-3.2.0.tgz 0ms (cache hit)
672 http cache d3-time@https://registry.npmjs.org/d3-time/-/d3-time-3.1.0.tgz 0ms (cache hit)
673 http cache d3-scale@https://registry.npmjs.org/d3-scale/-/d3-scale-4.0.2.tgz 0ms (cache hit)
674 http cache d3-random@https://registry.npmjs.org/d3-random/-/d3-random-3.0.1.tgz 0ms (cache hit)
675 http cache d3-scale-chromatic@https://registry.npmjs.org/d3-scale-chromatic/-/d3-scale-chromatic-3.1.0.tgz 0ms (cache hit)
676 http cache d3-quadtree@https://registry.npmjs.org/d3-quadtree/-/d3-quadtree-3.0.1.tgz 0ms (cache hit)
677 http cache d3-interpolate@https://registry.npmjs.org/d3-interpolate/-/d3-interpolate-3.0.1.tgz 0ms (cache hit)
678 http cache d3-polygon@https://registry.npmjs.org/d3-polygon/-/d3-polygon-3.0.1.tgz 0ms (cache hit)
679 http cache d3-path@https://registry.npmjs.org/d3-path/-/d3-path-3.1.0.tgz 0ms (cache hit)
680 http cache d3-format@https://registry.npmjs.org/d3-format/-/d3-format-3.1.2.tgz 0ms (cache hit)
681 http cache d3-force@https://registry.npmjs.org/d3-force/-/d3-force-3.0.0.tgz 0ms (cache hit)
682 http cache d3-hierarchy@https://registry.npmjs.org/d3-hierarchy/-/d3-hierarchy-3.1.2.tgz 0ms (cache hit)
683 http cache d3-geo@https://registry.npmjs.org/d3-geo/-/d3-geo-3.1.1.tgz 0ms (cache hit)
684 http cache d3-ease@https://registry.npmjs.org/d3-ease/-/d3-ease-3.0.1.tgz 0ms (cache hit)
685 http cache d3-dsv@https://registry.npmjs.org/d3-dsv/-/d3-dsv-3.0.1.tgz 0ms (cache hit)
686 http cache d3-fetch@https://registry.npmjs.org/d3-fetch/-/d3-fetch-3.0.1.tgz 0ms (cache hit)
687 http cache d3-drag@https://registry.npmjs.org/d3-drag/-/d3-drag-3.0.0.tgz 0ms (cache hit)
688 http cache d3-dispatch@https://registry.npmjs.org/d3-dispatch/-/d3-dispatch-3.0.1.tgz 0ms (cache hit)
689 http cache d3-contour@https://registry.npmjs.org/d3-contour/-/d3-contour-4.0.2.tgz 0ms (cache hit)
690 http cache d3-axis@https://registry.npmjs.org/d3-axis/-/d3-axis-3.0.0.tgz 0ms (cache hit)
691 http cache d3-delaunay@https://registry.npmjs.org/d3-delaunay/-/d3-delaunay-6.0.4.tgz 0ms (cache hit)
692 http cache d3-brush@https://registry.npmjs.org/d3-brush/-/d3-brush-3.0.0.tgz 0ms (cache hit)
693 http cache d3-color@https://registry.npmjs.org/d3-color/-/d3-color-3.1.0.tgz 0ms (cache hit)
694 http cache d3-array@https://registry.npmjs.org/d3-array/-/d3-array-3.2.4.tgz 0ms (cache hit)
695 http cache d3-chord@https://registry.npmjs.org/d3-chord/-/d3-chord-3.0.1.tgz 0ms (cache hit)
696 http cache layout-base@https://registry.npmjs.org/layout-base/-/layout-base-1.0.2.tgz 0ms (cache hit)
697 http cache @chevrotain/regexp-to-ast@https://registry.npmjs.org/@chevrotain/regexp-to-ast/-/regexp-to-ast-13.2.0.tgz 0ms (cache hit)
698 http cache cose-base@https://registry.npmjs.org/cose-base/-/cose-base-1.0.3.tgz 0ms (cache hit)
699 http cache @chevrotain/utils@https://registry.npmjs.org/@chevrotain/utils/-/utils-13.2.0.tgz 0ms (cache hit)
700 http cache d3-transition@https://registry.npmjs.org/d3-transition/-/d3-transition-3.0.1.tgz 0ms (cache hit)
701 http cache @chevrotain/cst-dts-gen@https://registry.npmjs.org/@chevrotain/cst-dts-gen/-/cst-dts-gen-13.2.0.tgz 0ms (cache hit)
702 http cache @chevrotain/gast@https://registry.npmjs.org/@chevrotain/gast/-/gast-13.2.0.tgz 0ms (cache hit)
703 http cache @types/geojson@https://registry.npmjs.org/@types/geojson/-/geojson-7946.0.16.tgz 0ms (cache hit)
704 http cache d3-selection@https://registry.npmjs.org/d3-selection/-/d3-selection-3.0.0.tgz 0ms (cache hit)
705 http cache @types/d3-zoom@https://registry.npmjs.org/@types/d3-zoom/-/d3-zoom-3.0.9.tgz 0ms (cache hit)
706 http cache @types/d3-transition@https://registry.npmjs.org/@types/d3-transition/-/d3-transition-3.0.9.tgz 0ms (cache hit)
707 http cache @types/d3-time-format@https://registry.npmjs.org/@types/d3-time-format/-/d3-time-format-4.0.3.tgz 0ms (cache hit)
708 http cache @types/d3-timer@https://registry.npmjs.org/@types/d3-timer/-/d3-timer-3.0.2.tgz 0ms (cache hit)
709 http cache @types/d3-time@https://registry.npmjs.org/@types/d3-time/-/d3-time-3.0.4.tgz 0ms (cache hit)
710 http cache @types/d3-shape@https://registry.npmjs.org/@types/d3-shape/-/d3-shape-3.2.0.tgz 0ms (cache hit)
711 http cache @types/d3-selection@https://registry.npmjs.org/@types/d3-selection/-/d3-selection-3.0.12.tgz 0ms (cache hit)
712 http cache @types/d3-scale-chromatic@https://registry.npmjs.org/@types/d3-scale-chromatic/-/d3-scale-chromatic-3.1.0.tgz 0ms (cache hit)
713 http cache @types/d3-scale@https://registry.npmjs.org/@types/d3-scale/-/d3-scale-4.0.9.tgz 0ms (cache hit)
714 http cache @types/d3-random@https://registry.npmjs.org/@types/d3-random/-/d3-random-3.0.4.tgz 0ms (cache hit)
715 http cache @types/d3-quadtree@https://registry.npmjs.org/@types/d3-quadtree/-/d3-quadtree-3.0.6.tgz 0ms (cache hit)
716 http cache @types/d3-polygon@https://registry.npmjs.org/@types/d3-polygon/-/d3-polygon-3.0.2.tgz 0ms (cache hit)
717 http cache @types/d3-path@https://registry.npmjs.org/@types/d3-path/-/d3-path-3.1.1.tgz 0ms (cache hit)
718 http cache @types/d3-interpolate@https://registry.npmjs.org/@types/d3-interpolate/-/d3-interpolate-3.0.4.tgz 0ms (cache hit)
719 http cache @types/d3-hierarchy@https://registry.npmjs.org/@types/d3-hierarchy/-/d3-hierarchy-3.1.7.tgz 0ms (cache hit)
720 http cache @types/d3-format@https://registry.npmjs.org/@types/d3-format/-/d3-format-3.0.4.tgz 0ms (cache hit)
721 http cache @types/d3-geo@https://registry.npmjs.org/@types/d3-geo/-/d3-geo-3.1.1.tgz 0ms (cache hit)
722 http cache @types/d3-fetch@https://registry.npmjs.org/@types/d3-fetch/-/d3-fetch-3.0.7.tgz 0ms (cache hit)
723 http cache @types/d3-force@https://registry.npmjs.org/@types/d3-force/-/d3-force-3.0.10.tgz 0ms (cache hit)
724 http cache @types/d3-ease@https://registry.npmjs.org/@types/d3-ease/-/d3-ease-3.0.2.tgz 0ms (cache hit)
725 http cache @types/d3-dsv@https://registry.npmjs.org/@types/d3-dsv/-/d3-dsv-3.0.7.tgz 0ms (cache hit)
726 http cache @types/d3-delaunay@https://registry.npmjs.org/@types/d3-delaunay/-/d3-delaunay-6.0.4.tgz 0ms (cache hit)
727 http cache @types/d3-drag@https://registry.npmjs.org/@types/d3-drag/-/d3-drag-3.0.7.tgz 0ms (cache hit)
728 http cache @types/d3-dispatch@https://registry.npmjs.org/@types/d3-dispatch/-/d3-dispatch-3.0.7.tgz 0ms (cache hit)
729 http cache @types/d3-color@https://registry.npmjs.org/@types/d3-color/-/d3-color-3.1.3.tgz 0ms (cache hit)
730 http cache @types/d3-contour@https://registry.npmjs.org/@types/d3-contour/-/d3-contour-3.0.6.tgz 0ms (cache hit)
731 http cache @types/d3-chord@https://registry.npmjs.org/@types/d3-chord/-/d3-chord-3.0.6.tgz 0ms (cache hit)
732 http cache @types/d3-array@https://registry.npmjs.org/@types/d3-array/-/d3-array-3.2.2.tgz 0ms (cache hit)
733 http cache @types/d3-brush@https://registry.npmjs.org/@types/d3-brush/-/d3-brush-3.0.6.tgz 0ms (cache hit)
734 http cache @types/d3-axis@https://registry.npmjs.org/@types/d3-axis/-/d3-axis-3.0.6.tgz 0ms (cache hit)
735 http cache @chevrotain/types@https://registry.npmjs.org/@chevrotain/types/-/types-13.2.0.tgz 0ms (cache hit)
736 http cache tinyexec@https://registry.npmjs.org/tinyexec/-/tinyexec-1.3.1.tgz 0ms (cache hit)
737 http cache @iconify/types@https://registry.npmjs.org/@iconify/types/-/types-2.0.0.tgz 0ms (cache hit)
738 http cache package-manager-detector@https://registry.npmjs.org/package-manager-detector/-/package-manager-detector-1.9.0.tgz 0ms (cache hit)
739 http cache import-meta-resolve@https://registry.npmjs.org/import-meta-resolve/-/import-meta-resolve-4.2.0.tgz 0ms (cache hit)
740 http cache @antfu/install-pkg@https://registry.npmjs.org/@antfu/install-pkg/-/install-pkg-2.1.0.tgz 0ms (cache hit)
741 http cache roughjs@https://registry.npmjs.org/roughjs/-/roughjs-4.6.6.tgz 0ms (cache hit)
742 http cache uuid@https://registry.npmjs.org/uuid/-/uuid-14.0.2.tgz 0ms (cache hit)
743 http cache ts-dedent@https://registry.npmjs.org/ts-dedent/-/ts-dedent-2.3.0.tgz 0ms (cache hit)
744 http cache marked@https://registry.npmjs.org/marked/-/marked-16.4.2.tgz 0ms (cache hit)
745 http cache stylis@https://registry.npmjs.org/stylis/-/stylis-4.4.0.tgz 0ms (cache hit)
746 http cache khroma@https://registry.npmjs.org/khroma/-/khroma-2.1.0.tgz 0ms (cache hit)
747 http cache es-toolkit@https://registry.npmjs.org/es-toolkit/-/es-toolkit-1.52.0.tgz 0ms (cache hit)
748 http cache katex@https://registry.npmjs.org/katex/-/katex-0.16.47.tgz 0ms (cache hit)
749 http cache elkjs@https://registry.npmjs.org/elkjs/-/elkjs-0.9.3.tgz 0ms (cache hit)
750 http cache dompurify@https://registry.npmjs.org/dompurify/-/dompurify-3.4.16.tgz 0ms (cache hit)
751 http cache dagre-d3-es@https://registry.npmjs.org/dagre-d3-es/-/dagre-d3-es-7.0.14.tgz 0ms (cache hit)
752 http cache dayjs@https://registry.npmjs.org/dayjs/-/dayjs-1.11.23.tgz 0ms (cache hit)
753 http cache d3-sankey@https://registry.npmjs.org/d3-sankey/-/d3-sankey-0.12.3.tgz 0ms (cache hit)
754 http cache cytoscape-fcose@https://registry.npmjs.org/cytoscape-fcose/-/cytoscape-fcose-2.2.0.tgz 0ms (cache hit)
755 http cache d3@https://registry.npmjs.org/d3/-/d3-7.9.0.tgz 0ms (cache hit)
756 http cache cytoscape-cose-bilkent@https://registry.npmjs.org/cytoscape-cose-bilkent/-/cytoscape-cose-bilkent-4.1.0.tgz 0ms (cache hit)
757 http cache chevrotain@https://registry.npmjs.org/chevrotain/-/chevrotain-13.2.0.tgz 0ms (cache hit)
758 http cache cytoscape@https://registry.npmjs.org/cytoscape/-/cytoscape-3.34.3.tgz 0ms (cache hit)
759 http cache @upsetjs/venn.js@https://registry.npmjs.org/@upsetjs/venn.js/-/venn.js-2.0.0.tgz 0ms (cache hit)
760 http cache @mermaid-js/parser@https://registry.npmjs.org/@mermaid-js/parser/-/parser-2.0.1.tgz 0ms (cache hit)
761 http cache @types/d3@https://registry.npmjs.org/@types/d3/-/d3-7.4.3.tgz 0ms (cache hit)
762 http cache @iconify/utils@https://registry.npmjs.org/@iconify/utils/-/utils-3.1.7.tgz 0ms (cache hit)
763 http cache mermaid@https://registry.npmjs.org/mermaid/-/mermaid-12.1.0.tgz 0ms (cache hit)
764 http cache @braintree/sanitize-url@https://registry.npmjs.org/@braintree/sanitize-url/-/sanitize-url-7.1.2.tgz 0ms (cache hit)
765 http cache commander@https://registry.npmjs.org/commander/-/commander-8.3.0.tgz 0ms (cache hit)
766 http cache d3-path@https://registry.npmjs.org/d3-path/-/d3-path-1.0.9.tgz 0ms (cache hit)
767 http cache d3-shape@https://registry.npmjs.org/d3-shape/-/d3-shape-1.3.7.tgz 0ms (cache hit)
768 http cache d3-array@https://registry.npmjs.org/d3-array/-/d3-array-2.12.1.tgz 0ms (cache hit)
769 http cache layout-base@https://registry.npmjs.org/layout-base/-/layout-base-2.0.1.tgz 0ms (cache hit)
770 http cache cose-base@https://registry.npmjs.org/cose-base/-/cose-base-2.2.0.tgz 0ms (cache hit)
771 http cache internmap@https://registry.npmjs.org/internmap/-/internmap-1.0.1.tgz 0ms (cache hit)
772 silly tarball no local data for points-on-path@https://registry.npmjs.org/points-on-path/-/points-on-path-0.2.1.tgz. Extracting by manifest.
773 silly tarball no local data for points-on-curve@https://registry.npmjs.org/points-on-curve/-/points-on-curve-0.2.0.tgz. Extracting by manifest.
774 silly tarball no local data for path-data-parser@https://registry.npmjs.org/path-data-parser/-/path-data-parser-0.1.0.tgz. Extracting by manifest.
775 silly tarball no local data for robust-predicates@https://registry.npmjs.org/robust-predicates/-/robust-predicates-3.0.3.tgz. Extracting by manifest.
776 silly tarball no local data for @types/trusted-types@https://registry.npmjs.org/@types/trusted-types/-/trusted-types-2.0.7.tgz. Extracting by manifest.
777 silly tarball no local data for lodash-es@https://registry.npmjs.org/lodash-es/-/lodash-es-4.18.1.tgz. Extracting by manifest.
778 silly tarball no local data for hachure-fill@https://registry.npmjs.org/hachure-fill/-/hachure-fill-0.5.2.tgz. Extracting by manifest.
779 silly tarball no local data for safer-buffer@https://registry.npmjs.org/safer-buffer/-/safer-buffer-2.1.2.tgz. Extracting by manifest.
780 silly tarball no local data for iconv-lite@https://registry.npmjs.org/iconv-lite/-/iconv-lite-0.6.3.tgz. Extracting by manifest.
781 silly tarball no local data for rw@https://registry.npmjs.org/rw/-/rw-1.3.3.tgz. Extracting by manifest.
782 silly tarball no local data for delaunator@https://registry.npmjs.org/delaunator/-/delaunator-5.1.0.tgz. Extracting by manifest.
783 silly tarball no local data for commander@https://registry.npmjs.org/commander/-/commander-7.2.0.tgz. Extracting by manifest.
784 silly tarball no local data for internmap@https://registry.npmjs.org/internmap/-/internmap-2.0.3.tgz. Extracting by manifest.
785 silly tarball no local data for d3-time-format@https://registry.npmjs.org/d3-time-format/-/d3-time-format-4.1.0.tgz. Extracting by manifest.
786 silly tarball no local data for d3-zoom@https://registry.npmjs.org/d3-zoom/-/d3-zoom-3.0.0.tgz. Extracting by manifest.
787 silly tarball no local data for d3-timer@https://registry.npmjs.org/d3-timer/-/d3-timer-3.0.1.tgz. Extracting by manifest.
788 silly tarball no local data for d3-shape@https://registry.npmjs.org/d3-shape/-/d3-shape-3.2.0.tgz. Extracting by manifest.
789 silly tarball no local data for d3-time@https://registry.npmjs.org/d3-time/-/d3-time-3.1.0.tgz. Extracting by manifest.
790 silly tarball no local data for d3-scale@https://registry.npmjs.org/d3-scale/-/d3-scale-4.0.2.tgz. Extracting by manifest.
791 silly tarball no local data for d3-random@https://registry.npmjs.org/d3-random/-/d3-random-3.0.1.tgz. Extracting by manifest.
792 silly tarball no local data for d3-scale-chromatic@https://registry.npmjs.org/d3-scale-chromatic/-/d3-scale-chromatic-3.1.0.tgz. Extracting by manifest.
793 silly tarball no local data for d3-quadtree@https://registry.npmjs.org/d3-quadtree/-/d3-quadtree-3.0.1.tgz. Extracting by manifest.
794 silly tarball no local data for d3-interpolate@https://registry.npmjs.org/d3-interpolate/-/d3-interpolate-3.0.1.tgz. Extracting by manifest.
795 silly tarball no local data for d3-polygon@https://registry.npmjs.org/d3-polygon/-/d3-polygon-3.0.1.tgz. Extracting by manifest.
796 silly tarball no local data for d3-path@https://registry.npmjs.org/d3-path/-/d3-path-3.1.0.tgz. Extracting by manifest.
797 silly tarball no local data for d3-format@https://registry.npmjs.org/d3-format/-/d3-format-3.1.2.tgz. Extracting by manifest.
798 silly tarball no local data for d3-force@https://registry.npmjs.org/d3-force/-/d3-force-3.0.0.tgz. Extracting by manifest.
799 silly tarball no local data for d3-hierarchy@https://registry.npmjs.org/d3-hierarchy/-/d3-hierarchy-3.1.2.tgz. Extracting by manifest.
800 silly tarball no local data for d3-geo@https://registry.npmjs.org/d3-geo/-/d3-geo-3.1.1.tgz. Extracting by manifest.
801 silly tarball no local data for d3-ease@https://registry.npmjs.org/d3-ease/-/d3-ease-3.0.1.tgz. Extracting by manifest.
802 silly tarball no local data for d3-dsv@https://registry.npmjs.org/d3-dsv/-/d3-dsv-3.0.1.tgz. Extracting by manifest.
803 silly tarball no local data for d3-fetch@https://registry.npmjs.org/d3-fetch/-/d3-fetch-3.0.1.tgz. Extracting by manifest.
804 silly tarball no local data for d3-drag@https://registry.npmjs.org/d3-drag/-/d3-drag-3.0.0.tgz. Extracting by manifest.
805 silly tarball no local data for d3-dispatch@https://registry.npmjs.org/d3-dispatch/-/d3-dispatch-3.0.1.tgz. Extracting by manifest.
806 silly tarball no local data for d3-contour@https://registry.npmjs.org/d3-contour/-/d3-contour-4.0.2.tgz. Extracting by manifest.
807 silly tarball no local data for d3-axis@https://registry.npmjs.org/d3-axis/-/d3-axis-3.0.0.tgz. Extracting by manifest.
808 silly tarball no local data for d3-delaunay@https://registry.npmjs.org/d3-delaunay/-/d3-delaunay-6.0.4.tgz. Extracting by manifest.
809 silly tarball no local data for d3-brush@https://registry.npmjs.org/d3-brush/-/d3-brush-3.0.0.tgz. Extracting by manifest.
810 silly tarball no local data for d3-color@https://registry.npmjs.org/d3-color/-/d3-color-3.1.0.tgz. Extracting by manifest.
811 silly tarball no local data for d3-array@https://registry.npmjs.org/d3-array/-/d3-array-3.2.4.tgz. Extracting by manifest.
812 silly tarball no local data for d3-chord@https://registry.npmjs.org/d3-chord/-/d3-chord-3.0.1.tgz. Extracting by manifest.
813 silly tarball no local data for layout-base@https://registry.npmjs.org/layout-base/-/layout-base-1.0.2.tgz. Extracting by manifest.
814 silly tarball no local data for @chevrotain/regexp-to-ast@https://registry.npmjs.org/@chevrotain/regexp-to-ast/-/regexp-to-ast-13.2.0.tgz. Extracting by manifest.
815 silly tarball no local data for cose-base@https://registry.npmjs.org/cose-base/-/cose-base-1.0.3.tgz. Extracting by manifest.
816 silly tarball no local data for @chevrotain/utils@https://registry.npmjs.org/@chevrotain/utils/-/utils-13.2.0.tgz. Extracting by manifest.
817 silly tarball no local data for d3-transition@https://registry.npmjs.org/d3-transition/-/d3-transition-3.0.1.tgz. Extracting by manifest.
818 silly tarball no local data for @chevrotain/cst-dts-gen@https://registry.npmjs.org/@chevrotain/cst-dts-gen/-/cst-dts-gen-13.2.0.tgz. Extracting by manifest.
819 silly tarball no local data for @chevrotain/gast@https://registry.npmjs.org/@chevrotain/gast/-/gast-13.2.0.tgz. Extracting by manifest.
820 silly tarball no local data for @types/geojson@https://registry.npmjs.org/@types/geojson/-/geojson-7946.0.16.tgz. Extracting by manifest.
821 silly tarball no local data for d3-selection@https://registry.npmjs.org/d3-selection/-/d3-selection-3.0.0.tgz. Extracting by manifest.
822 silly tarball no local data for @types/d3-zoom@https://registry.npmjs.org/@types/d3-zoom/-/d3-zoom-3.0.9.tgz. Extracting by manifest.
823 silly tarball no local data for @types/d3-transition@https://registry.npmjs.org/@types/d3-transition/-/d3-transition-3.0.9.tgz. Extracting by manifest.
824 silly tarball no local data for @types/d3-time-format@https://registry.npmjs.org/@types/d3-time-format/-/d3-time-format-4.0.3.tgz. Extracting by manifest.
825 silly tarball no local data for @types/d3-timer@https://registry.npmjs.org/@types/d3-timer/-/d3-timer-3.0.2.tgz. Extracting by manifest.
826 silly tarball no local data for @types/d3-time@https://registry.npmjs.org/@types/d3-time/-/d3-time-3.0.4.tgz. Extracting by manifest.
827 silly tarball no local data for @types/d3-shape@https://registry.npmjs.org/@types/d3-shape/-/d3-shape-3.2.0.tgz. Extracting by manifest.
828 silly tarball no local data for @types/d3-selection@https://registry.npmjs.org/@types/d3-selection/-/d3-selection-3.0.12.tgz. Extracting by manifest.
829 silly tarball no local data for @types/d3-scale-chromatic@https://registry.npmjs.org/@types/d3-scale-chromatic/-/d3-scale-chromatic-3.1.0.tgz. Extracting by manifest.
830 silly tarball no local data for @types/d3-scale@https://registry.npmjs.org/@types/d3-scale/-/d3-scale-4.0.9.tgz. Extracting by manifest.
831 silly tarball no local data for @types/d3-random@https://registry.npmjs.org/@types/d3-random/-/d3-random-3.0.4.tgz. Extracting by manifest.
832 silly tarball no local data for @types/d3-quadtree@https://registry.npmjs.org/@types/d3-quadtree/-/d3-quadtree-3.0.6.tgz. Extracting by manifest.
833 silly tarball no local data for @types/d3-polygon@https://registry.npmjs.org/@types/d3-polygon/-/d3-polygon-3.0.2.tgz. Extracting by manifest.
834 silly tarball no local data for @types/d3-path@https://registry.npmjs.org/@types/d3-path/-/d3-path-3.1.1.tgz. Extracting by manifest.
835 silly tarball no local data for @types/d3-interpolate@https://registry.npmjs.org/@types/d3-interpolate/-/d3-interpolate-3.0.4.tgz. Extracting by manifest.
836 silly tarball no local data for @types/d3-hierarchy@https://registry.npmjs.org/@types/d3-hierarchy/-/d3-hierarchy-3.1.7.tgz. Extracting by manifest.
837 silly tarball no local data for @types/d3-format@https://registry.npmjs.org/@types/d3-format/-/d3-format-3.0.4.tgz. Extracting by manifest.
838 silly tarball no local data for @types/d3-geo@https://registry.npmjs.org/@types/d3-geo/-/d3-geo-3.1.1.tgz. Extracting by manifest.
839 silly tarball no local data for @types/d3-fetch@https://registry.npmjs.org/@types/d3-fetch/-/d3-fetch-3.0.7.tgz. Extracting by manifest.
840 silly tarball no local data for @types/d3-force@https://registry.npmjs.org/@types/d3-force/-/d3-force-3.0.10.tgz. Extracting by manifest.
841 silly tarball no local data for @types/d3-ease@https://registry.npmjs.org/@types/d3-ease/-/d3-ease-3.0.2.tgz. Extracting by manifest.
842 silly tarball no local data for @types/d3-dsv@https://registry.npmjs.org/@types/d3-dsv/-/d3-dsv-3.0.7.tgz. Extracting by manifest.
843 silly tarball no local data for @types/d3-delaunay@https://registry.npmjs.org/@types/d3-delaunay/-/d3-delaunay-6.0.4.tgz. Extracting by manifest.
844 silly tarball no local data for @types/d3-drag@https://registry.npmjs.org/@types/d3-drag/-/d3-drag-3.0.7.tgz. Extracting by manifest.
845 silly tarball no local data for @types/d3-dispatch@https://registry.npmjs.org/@types/d3-dispatch/-/d3-dispatch-3.0.7.tgz. Extracting by manifest.
846 silly tarball no local data for @types/d3-color@https://registry.npmjs.org/@types/d3-color/-/d3-color-3.1.3.tgz. Extracting by manifest.
847 silly tarball no local data for @types/d3-contour@https://registry.npmjs.org/@types/d3-contour/-/d3-contour-3.0.6.tgz. Extracting by manifest.
848 silly tarball no local data for @types/d3-chord@https://registry.npmjs.org/@types/d3-chord/-/d3-chord-3.0.6.tgz. Extracting by manifest.
849 silly tarball no local data for @types/d3-array@https://registry.npmjs.org/@types/d3-array/-/d3-array-3.2.2.tgz. Extracting by manifest.
850 silly tarball no local data for @types/d3-brush@https://registry.npmjs.org/@types/d3-brush/-/d3-brush-3.0.6.tgz. Extracting by manifest.
851 silly tarball no local data for @types/d3-axis@https://registry.npmjs.org/@types/d3-axis/-/d3-axis-3.0.6.tgz. Extracting by manifest.
852 silly tarball no local data for @chevrotain/types@https://registry.npmjs.org/@chevrotain/types/-/types-13.2.0.tgz. Extracting by manifest.
853 silly tarball no local data for tinyexec@https://registry.npmjs.org/tinyexec/-/tinyexec-1.3.1.tgz. Extracting by manifest.
854 silly tarball no local data for @iconify/types@https://registry.npmjs.org/@iconify/types/-/types-2.0.0.tgz. Extracting by manifest.
855 silly tarball no local data for package-manager-detector@https://registry.npmjs.org/package-manager-detector/-/package-manager-detector-1.9.0.tgz. Extracting by manifest.
856 silly tarball no local data for import-meta-resolve@https://registry.npmjs.org/import-meta-resolve/-/import-meta-resolve-4.2.0.tgz. Extracting by manifest.
857 silly tarball no local data for @antfu/install-pkg@https://registry.npmjs.org/@antfu/install-pkg/-/install-pkg-2.1.0.tgz. Extracting by manifest.
858 silly tarball no local data for roughjs@https://registry.npmjs.org/roughjs/-/roughjs-4.6.6.tgz. Extracting by manifest.
859 silly tarball no local data for uuid@https://registry.npmjs.org/uuid/-/uuid-14.0.2.tgz. Extracting by manifest.
860 silly tarball no local data for ts-dedent@https://registry.npmjs.org/ts-dedent/-/ts-dedent-2.3.0.tgz. Extracting by manifest.
861 silly tarball no local data for marked@https://registry.npmjs.org/marked/-/marked-16.4.2.tgz. Extracting by manifest.
862 silly tarball no local data for stylis@https://registry.npmjs.org/stylis/-/stylis-4.4.0.tgz. Extracting by manifest.
863 silly tarball no local data for khroma@https://registry.npmjs.org/khroma/-/khroma-2.1.0.tgz. Extracting by manifest.
864 silly tarball no local data for es-toolkit@https://registry.npmjs.org/es-toolkit/-/es-toolkit-1.52.0.tgz. Extracting by manifest.
865 silly tarball no local data for katex@https://registry.npmjs.org/katex/-/katex-0.16.47.tgz. Extracting by manifest.
866 silly tarball no local data for elkjs@https://registry.npmjs.org/elkjs/-/elkjs-0.9.3.tgz. Extracting by manifest.
867 silly tarball no local data for dompurify@https://registry.npmjs.org/dompurify/-/dompurify-3.4.16.tgz. Extracting by manifest.
868 silly tarball no local data for dagre-d3-es@https://registry.npmjs.org/dagre-d3-es/-/dagre-d3-es-7.0.14.tgz. Extracting by manifest.
869 silly tarball no local data for dayjs@https://registry.npmjs.org/dayjs/-/dayjs-1.11.23.tgz. Extracting by manifest.
870 silly tarball no local data for d3-sankey@https://registry.npmjs.org/d3-sankey/-/d3-sankey-0.12.3.tgz. Extracting by manifest.
871 silly tarball no local data for cytoscape-fcose@https://registry.npmjs.org/cytoscape-fcose/-/cytoscape-fcose-2.2.0.tgz. Extracting by manifest.
872 silly tarball no local data for d3@https://registry.npmjs.org/d3/-/d3-7.9.0.tgz. Extracting by manifest.
873 silly tarball no local data for cytoscape-cose-bilkent@https://registry.npmjs.org/cytoscape-cose-bilkent/-/cytoscape-cose-bilkent-4.1.0.tgz. Extracting by manifest.
874 silly tarball no local data for chevrotain@https://registry.npmjs.org/chevrotain/-/chevrotain-13.2.0.tgz. Extracting by manifest.
875 silly tarball no local data for cytoscape@https://registry.npmjs.org/cytoscape/-/cytoscape-3.34.3.tgz. Extracting by manifest.
876 silly tarball no local data for @upsetjs/venn.js@https://registry.npmjs.org/@upsetjs/venn.js/-/venn.js-2.0.0.tgz. Extracting by manifest.
877 silly tarball no local data for @mermaid-js/parser@https://registry.npmjs.org/@mermaid-js/parser/-/parser-2.0.1.tgz. Extracting by manifest.
878 silly tarball no local data for @types/d3@https://registry.npmjs.org/@types/d3/-/d3-7.4.3.tgz. Extracting by manifest.
879 silly tarball no local data for @iconify/utils@https://registry.npmjs.org/@iconify/utils/-/utils-3.1.7.tgz. Extracting by manifest.
880 silly tarball no local data for mermaid@https://registry.npmjs.org/mermaid/-/mermaid-12.1.0.tgz. Extracting by manifest.
881 silly tarball no local data for @braintree/sanitize-url@https://registry.npmjs.org/@braintree/sanitize-url/-/sanitize-url-7.1.2.tgz. Extracting by manifest.
882 silly tarball no local data for commander@https://registry.npmjs.org/commander/-/commander-8.3.0.tgz. Extracting by manifest.
883 silly tarball no local data for d3-path@https://registry.npmjs.org/d3-path/-/d3-path-1.0.9.tgz. Extracting by manifest.
884 silly tarball no local data for d3-shape@https://registry.npmjs.org/d3-shape/-/d3-shape-1.3.7.tgz. Extracting by manifest.
885 silly tarball no local data for d3-array@https://registry.npmjs.org/d3-array/-/d3-array-2.12.1.tgz. Extracting by manifest.
886 silly tarball no local data for layout-base@https://registry.npmjs.org/layout-base/-/layout-base-2.0.1.tgz. Extracting by manifest.
887 silly tarball no local data for cose-base@https://registry.npmjs.org/cose-base/-/cose-base-2.2.0.tgz. Extracting by manifest.
888 silly tarball no local data for internmap@https://registry.npmjs.org/internmap/-/internmap-1.0.1.tgz. Extracting by manifest.
889 http fetch GET 200 https://registry.npmjs.org/points-on-path/-/points-on-path-0.2.1.tgz 97ms (cache miss)
890 http fetch GET 200 https://registry.npmjs.org/points-on-curve/-/points-on-curve-0.2.0.tgz 113ms (cache miss)
891 http fetch GET 200 https://registry.npmjs.org/internmap/-/internmap-2.0.3.tgz 114ms (cache miss)
892 http fetch GET 200 https://registry.npmjs.org/hachure-fill/-/hachure-fill-0.5.2.tgz 119ms (cache miss)
893 http fetch GET 200 https://registry.npmjs.org/rw/-/rw-1.3.3.tgz 119ms (cache miss)
894 http fetch GET 200 https://registry.npmjs.org/delaunator/-/delaunator-5.1.0.tgz 119ms (cache miss)
895 http fetch GET 200 https://registry.npmjs.org/@types/trusted-types/-/trusted-types-2.0.7.tgz 124ms (cache miss)
896 http fetch GET 200 https://registry.npmjs.org/safer-buffer/-/safer-buffer-2.1.2.tgz 124ms (cache miss)
897 http fetch GET 200 https://registry.npmjs.org/d3-timer/-/d3-timer-3.0.1.tgz 134ms (cache miss)
898 http fetch GET 200 https://registry.npmjs.org/commander/-/commander-7.2.0.tgz 152ms (cache miss)
899 http fetch GET 200 https://registry.npmjs.org/d3-format/-/d3-format-3.1.2.tgz 157ms (cache miss)
900 http fetch GET 200 https://registry.npmjs.org/d3-path/-/d3-path-3.1.0.tgz 161ms (cache miss)
901 http fetch GET 200 https://registry.npmjs.org/d3-polygon/-/d3-polygon-3.0.1.tgz 165ms (cache miss)
902 http fetch GET 200 https://registry.npmjs.org/d3-ease/-/d3-ease-3.0.1.tgz 191ms (cache miss)
903 http fetch GET 200 https://registry.npmjs.org/path-data-parser/-/path-data-parser-0.1.0.tgz 212ms (cache miss)
904 http fetch GET 200 https://registry.npmjs.org/d3-dispatch/-/d3-dispatch-3.0.1.tgz 203ms (cache miss)
905 http fetch GET 200 https://registry.npmjs.org/d3-fetch/-/d3-fetch-3.0.1.tgz 210ms (cache miss)
906 http fetch GET 200 https://registry.npmjs.org/d3-drag/-/d3-drag-3.0.0.tgz 211ms (cache miss)
907 http fetch GET 200 https://registry.npmjs.org/d3-color/-/d3-color-3.1.0.tgz 229ms (cache miss)
908 http fetch GET 200 https://registry.npmjs.org/d3-time/-/d3-time-3.1.0.tgz 239ms (cache miss)
909 http fetch GET 200 https://registry.npmjs.org/d3-axis/-/d3-axis-3.0.0.tgz 235ms (cache miss)
910 http fetch GET 200 https://registry.npmjs.org/robust-predicates/-/robust-predicates-3.0.3.tgz 250ms (cache miss)
911 http fetch GET 200 https://registry.npmjs.org/d3-force/-/d3-force-3.0.0.tgz 278ms (cache miss)
912 http fetch GET 200 https://registry.npmjs.org/@chevrotain/utils/-/utils-13.2.0.tgz 284ms (cache miss)
913 http fetch GET 200 https://registry.npmjs.org/d3-chord/-/d3-chord-3.0.1.tgz 285ms (cache miss)
914 http fetch GET 200 https://registry.npmjs.org/d3-dsv/-/d3-dsv-3.0.1.tgz 289ms (cache miss)
915 http fetch GET 200 https://registry.npmjs.org/d3-brush/-/d3-brush-3.0.0.tgz 294ms (cache miss)
916 http fetch GET 200 https://registry.npmjs.org/d3-delaunay/-/d3-delaunay-6.0.4.tgz 295ms (cache miss)
917 http fetch GET 200 https://registry.npmjs.org/d3-quadtree/-/d3-quadtree-3.0.1.tgz 306ms (cache miss)
918 http fetch GET 200 https://registry.npmjs.org/@types/d3-zoom/-/d3-zoom-3.0.9.tgz 299ms (cache miss)
919 http fetch GET 200 https://registry.npmjs.org/@types/d3-time-format/-/d3-time-format-4.0.3.tgz 300ms (cache miss)
920 http fetch GET 200 https://registry.npmjs.org/d3-contour/-/d3-contour-4.0.2.tgz 309ms (cache miss)
921 http fetch GET 200 https://registry.npmjs.org/@types/d3-transition/-/d3-transition-3.0.9.tgz 306ms (cache miss)
922 http fetch GET 200 https://registry.npmjs.org/@types/geojson/-/geojson-7946.0.16.tgz 309ms (cache miss)
923 http fetch GET 200 https://registry.npmjs.org/d3-zoom/-/d3-zoom-3.0.0.tgz 321ms (cache miss)
924 http fetch GET 200 https://registry.npmjs.org/@types/d3-timer/-/d3-timer-3.0.2.tgz 325ms (cache miss)
925 http fetch GET 200 https://registry.npmjs.org/@types/d3-scale-chromatic/-/d3-scale-chromatic-3.1.0.tgz 336ms (cache miss)
926 http fetch GET 200 https://registry.npmjs.org/@types/d3-selection/-/d3-selection-3.0.12.tgz 337ms (cache miss)
927 http fetch GET 200 https://registry.npmjs.org/@types/d3-time/-/d3-time-3.0.4.tgz 341ms (cache miss)
928 http fetch GET 200 https://registry.npmjs.org/@types/d3-polygon/-/d3-polygon-3.0.2.tgz 341ms (cache miss)
929 http fetch GET 200 https://registry.npmjs.org/@types/d3-scale/-/d3-scale-4.0.9.tgz 351ms (cache miss)
930 http fetch GET 200 https://registry.npmjs.org/@types/d3-random/-/d3-random-3.0.4.tgz 352ms (cache miss)
931 http fetch GET 200 https://registry.npmjs.org/@types/d3-interpolate/-/d3-interpolate-3.0.4.tgz 352ms (cache miss)
932 http fetch GET 200 https://registry.npmjs.org/@types/d3-path/-/d3-path-3.1.1.tgz 352ms (cache miss)
933 http fetch GET 200 https://registry.npmjs.org/@types/d3-quadtree/-/d3-quadtree-3.0.6.tgz 369ms (cache miss)
934 http fetch GET 200 https://registry.npmjs.org/cose-base/-/cose-base-1.0.3.tgz 374ms (cache miss)
935 http fetch GET 200 https://registry.npmjs.org/d3-scale/-/d3-scale-4.0.2.tgz 384ms (cache miss)
936 http fetch GET 200 https://registry.npmjs.org/d3-random/-/d3-random-3.0.1.tgz 401ms (cache miss)
937 http fetch GET 200 https://registry.npmjs.org/@types/d3-hierarchy/-/d3-hierarchy-3.1.7.tgz 393ms (cache miss)
938 http fetch GET 200 https://registry.npmjs.org/@types/d3-geo/-/d3-geo-3.1.1.tgz 393ms (cache miss)
939 http fetch GET 200 https://registry.npmjs.org/@types/d3-shape/-/d3-shape-3.2.0.tgz 397ms (cache miss)
940 http fetch GET 200 https://registry.npmjs.org/@types/d3-format/-/d3-format-3.0.4.tgz 396ms (cache miss)
941 http fetch GET 200 https://registry.npmjs.org/@types/d3-ease/-/d3-ease-3.0.2.tgz 397ms (cache miss)
942 http fetch GET 200 https://registry.npmjs.org/@types/d3-force/-/d3-force-3.0.10.tgz 398ms (cache miss)
943 http fetch GET 200 https://registry.npmjs.org/d3-interpolate/-/d3-interpolate-3.0.1.tgz 413ms (cache miss)
944 http fetch GET 200 https://registry.npmjs.org/@types/d3-fetch/-/d3-fetch-3.0.7.tgz 402ms (cache miss)
945 http fetch GET 200 https://registry.npmjs.org/@types/d3-delaunay/-/d3-delaunay-6.0.4.tgz 402ms (cache miss)
946 http fetch GET 200 https://registry.npmjs.org/@types/d3-dsv/-/d3-dsv-3.0.7.tgz 409ms (cache miss)
947 http fetch GET 200 https://registry.npmjs.org/@types/d3-drag/-/d3-drag-3.0.7.tgz 417ms (cache miss)
948 http fetch GET 200 https://registry.npmjs.org/@types/d3-axis/-/d3-axis-3.0.6.tgz 443ms (cache miss)
949 http fetch GET 200 https://registry.npmjs.org/iconv-lite/-/iconv-lite-0.6.3.tgz 463ms (cache miss)
950 http fetch GET 200 https://registry.npmjs.org/@types/d3-color/-/d3-color-3.1.3.tgz 446ms (cache miss)
951 http fetch GET 200 https://registry.npmjs.org/@types/d3-contour/-/d3-contour-3.0.6.tgz 449ms (cache miss)
952 http fetch GET 200 https://registry.npmjs.org/@types/d3-brush/-/d3-brush-3.0.6.tgz 449ms (cache miss)
953 http fetch GET 200 https://registry.npmjs.org/@types/d3-dispatch/-/d3-dispatch-3.0.7.tgz 451ms (cache miss)
954 http fetch GET 200 https://registry.npmjs.org/package-manager-detector/-/package-manager-detector-1.9.0.tgz 449ms (cache miss)
955 http fetch GET 200 https://registry.npmjs.org/@chevrotain/gast/-/gast-13.2.0.tgz 459ms (cache miss)
956 http fetch GET 200 https://registry.npmjs.org/@types/d3-array/-/d3-array-3.2.2.tgz 453ms (cache miss)
957 http fetch GET 200 https://registry.npmjs.org/tinyexec/-/tinyexec-1.3.1.tgz 457ms (cache miss)
958 http fetch GET 200 https://registry.npmjs.org/@iconify/types/-/types-2.0.0.tgz 463ms (cache miss)
959 http fetch GET 200 https://registry.npmjs.org/ts-dedent/-/ts-dedent-2.3.0.tgz 490ms (cache miss)
960 http fetch GET 200 https://registry.npmjs.org/@antfu/install-pkg/-/install-pkg-2.1.0.tgz 493ms (cache miss)
961 http fetch GET 200 https://registry.npmjs.org/@chevrotain/cst-dts-gen/-/cst-dts-gen-13.2.0.tgz 516ms (cache miss)
962 http fetch GET 200 https://registry.npmjs.org/@chevrotain/regexp-to-ast/-/regexp-to-ast-13.2.0.tgz 531ms (cache miss)
963 http fetch GET 200 https://registry.npmjs.org/d3-hierarchy/-/d3-hierarchy-3.1.2.tgz 538ms (cache miss)
964 http fetch GET 200 https://registry.npmjs.org/import-meta-resolve/-/import-meta-resolve-4.2.0.tgz 529ms (cache miss)
965 http fetch GET 200 https://registry.npmjs.org/d3-time-format/-/d3-time-format-4.1.0.tgz 554ms (cache miss)
966 http fetch GET 200 https://registry.npmjs.org/d3-transition/-/d3-transition-3.0.1.tgz 551ms (cache miss)
967 http fetch GET 200 https://registry.npmjs.org/@types/d3-chord/-/d3-chord-3.0.6.tgz 555ms (cache miss)
968 http fetch GET 200 https://registry.npmjs.org/layout-base/-/layout-base-1.0.2.tgz 571ms (cache miss)
969 http fetch GET 200 https://registry.npmjs.org/d3-scale-chromatic/-/d3-scale-chromatic-3.1.0.tgz 584ms (cache miss)
970 http fetch GET 200 https://registry.npmjs.org/d3-sankey/-/d3-sankey-0.12.3.tgz 579ms (cache miss)
971 http fetch GET 200 https://registry.npmjs.org/uuid/-/uuid-14.0.2.tgz 592ms (cache miss)
972 http fetch GET 200 https://registry.npmjs.org/d3-geo/-/d3-geo-3.1.1.tgz 610ms (cache miss)
973 http fetch GET 200 https://registry.npmjs.org/d3-shape/-/d3-shape-3.2.0.tgz 614ms (cache miss)
974 http fetch GET 200 https://registry.npmjs.org/d3-array/-/d3-array-3.2.4.tgz 622ms (cache miss)
975 http fetch GET 200 https://registry.npmjs.org/d3-selection/-/d3-selection-3.0.0.tgz 622ms (cache miss)
976 http fetch GET 200 https://registry.npmjs.org/cytoscape-cose-bilkent/-/cytoscape-cose-bilkent-4.1.0.tgz 627ms (cache miss)
977 http fetch GET 200 https://registry.npmjs.org/roughjs/-/roughjs-4.6.6.tgz 650ms (cache miss)
978 http fetch GET 200 https://registry.npmjs.org/d3/-/d3-7.9.0.tgz 683ms (cache miss)
979 http fetch GET 200 https://registry.npmjs.org/@types/d3/-/d3-7.4.3.tgz 716ms (cache miss)
980 http fetch GET 200 https://registry.npmjs.org/@upsetjs/venn.js/-/venn.js-2.0.0.tgz 807ms (cache miss)
981 http fetch GET 200 https://registry.npmjs.org/marked/-/marked-16.4.2.tgz 841ms (cache miss)
982 http fetch GET 200 https://registry.npmjs.org/@braintree/sanitize-url/-/sanitize-url-7.1.2.tgz 853ms (cache miss)
983 http fetch GET 200 https://registry.npmjs.org/d3-path/-/d3-path-1.0.9.tgz 862ms (cache miss)
984 http fetch GET 200 https://registry.npmjs.org/stylis/-/stylis-4.4.0.tgz 891ms (cache miss)
985 http fetch GET 200 https://registry.npmjs.org/commander/-/commander-8.3.0.tgz 887ms (cache miss)
986 http fetch GET 200 https://registry.npmjs.org/dagre-d3-es/-/dagre-d3-es-7.0.14.tgz 906ms (cache miss)
987 http fetch GET 200 https://registry.npmjs.org/cose-base/-/cose-base-2.2.0.tgz 975ms (cache miss)
988 http fetch GET 200 https://registry.npmjs.org/internmap/-/internmap-1.0.1.tgz 1029ms (cache miss)
989 http fetch GET 200 https://registry.npmjs.org/d3-array/-/d3-array-2.12.1.tgz 1036ms (cache miss)
990 http fetch GET 200 https://registry.npmjs.org/layout-base/-/layout-base-2.0.1.tgz 1095ms (cache miss)
991 http fetch GET 200 https://registry.npmjs.org/d3-shape/-/d3-shape-1.3.7.tgz 1134ms (cache miss)
992 http fetch GET 200 https://registry.npmjs.org/khroma/-/khroma-2.1.0.tgz 1172ms (cache miss)
993 http fetch GET 200 https://registry.npmjs.org/elkjs/-/elkjs-0.9.3.tgz 1193ms (cache miss)
994 http fetch GET 200 https://registry.npmjs.org/katex/-/katex-0.16.47.tgz 1263ms (cache miss)
995 http fetch GET 200 https://registry.npmjs.org/chevrotain/-/chevrotain-13.2.0.tgz 1268ms (cache miss)
996 http fetch GET 200 https://registry.npmjs.org/dompurify/-/dompurify-3.4.16.tgz 1293ms (cache miss)
997 http fetch GET 200 https://registry.npmjs.org/@iconify/utils/-/utils-3.1.7.tgz 1306ms (cache miss)
998 http fetch GET 200 https://registry.npmjs.org/lodash-es/-/lodash-es-4.18.1.tgz 1368ms (cache miss)
999 http fetch GET 200 https://registry.npmjs.org/dayjs/-/dayjs-1.11.23.tgz 1476ms (cache miss)
1000 http fetch GET 200 https://registry.npmjs.org/@chevrotain/types/-/types-13.2.0.tgz 1522ms (cache miss)
1001 http fetch GET 200 https://registry.npmjs.org/@mermaid-js/parser/-/parser-2.0.1.tgz 2235ms (cache miss)
1002 http fetch GET 200 https://registry.npmjs.org/cytoscape/-/cytoscape-3.34.3.tgz 2365ms (cache miss)
1003 http fetch GET 200 https://registry.npmjs.org/cytoscape-fcose/-/cytoscape-fcose-2.2.0.tgz 2831ms (cache miss)
1004 http fetch GET 200 https://registry.npmjs.org/es-toolkit/-/es-toolkit-1.52.0.tgz 4717ms (cache miss)
1005 http fetch GET 200 https://registry.npmjs.org/mermaid/-/mermaid-12.1.0.tgz 5172ms (cache miss)
1006 silly ADD node_modules/points-on-path
1007 silly ADD node_modules/points-on-curve
1008 silly ADD node_modules/path-data-parser
1009 silly ADD node_modules/hachure-fill
1010 silly ADD node_modules/safer-buffer
1011 silly ADD node_modules/@types/trusted-types
1012 silly ADD node_modules/robust-predicates
1013 silly ADD node_modules/lodash-es
1014 silly ADD node_modules/rw
1015 silly ADD node_modules/iconv-lite
1016 silly ADD node_modules/commander
1017 silly ADD node_modules/delaunator
1018 silly ADD node_modules/internmap
1019 silly ADD node_modules/d3-zoom
1020 silly ADD node_modules/d3-timer
1021 silly ADD node_modules/d3-time-format
1022 silly ADD node_modules/d3-time
1023 silly ADD node_modules/d3-shape
1024 silly ADD node_modules/d3-scale-chromatic
1025 silly ADD node_modules/d3-scale
1026 silly ADD node_modules/d3-random
1027 silly ADD node_modules/d3-quadtree
1028 silly ADD node_modules/d3-polygon
1029 silly ADD node_modules/d3-path
1030 silly ADD node_modules/d3-interpolate
1031 silly ADD node_modules/d3-hierarchy
1032 silly ADD node_modules/d3-geo
1033 silly ADD node_modules/d3-format
1034 silly ADD node_modules/d3-force
1035 silly ADD node_modules/d3-fetch
1036 silly ADD node_modules/d3-ease
1037 silly ADD node_modules/d3-dsv
1038 silly ADD node_modules/d3-drag
1039 silly ADD node_modules/d3-dispatch
1040 silly ADD node_modules/d3-delaunay
1041 silly ADD node_modules/d3-contour
1042 silly ADD node_modules/d3-color
1043 silly ADD node_modules/d3-chord
1044 silly ADD node_modules/d3-brush
1045 silly ADD node_modules/d3-axis
1046 silly ADD node_modules/d3-array
1047 silly ADD node_modules/layout-base
1048 silly ADD node_modules/cose-base
1049 silly ADD node_modules/@chevrotain/utils
1050 silly ADD node_modules/@chevrotain/regexp-to-ast
1051 silly ADD node_modules/@chevrotain/gast
1052 silly ADD node_modules/@chevrotain/cst-dts-gen
1053 silly ADD node_modules/d3-transition
1054 silly ADD node_modules/d3-selection
1055 silly ADD node_modules/@types/geojson
1056 silly ADD node_modules/@types/d3-zoom
1057 silly ADD node_modules/@types/d3-transition
1058 silly ADD node_modules/@types/d3-timer
1059 silly ADD node_modules/@types/d3-time-format
1060 silly ADD node_modules/@types/d3-time
1061 silly ADD node_modules/@types/d3-shape
1062 silly ADD node_modules/@types/d3-selection
1063 silly ADD node_modules/@types/d3-scale-chromatic
1064 silly ADD node_modules/@types/d3-scale
1065 silly ADD node_modules/@types/d3-random
1066 silly ADD node_modules/@types/d3-quadtree
1067 silly ADD node_modules/@types/d3-polygon
1068 silly ADD node_modules/@types/d3-path
1069 silly ADD node_modules/@types/d3-interpolate
1070 silly ADD node_modules/@types/d3-hierarchy
1071 silly ADD node_modules/@types/d3-geo
1072 silly ADD node_modules/@types/d3-format
1073 silly ADD node_modules/@types/d3-force
1074 silly ADD node_modules/@types/d3-fetch
1075 silly ADD node_modules/@types/d3-ease
1076 silly ADD node_modules/@types/d3-dsv
1077 silly ADD node_modules/@types/d3-drag
1078 silly ADD node_modules/@types/d3-dispatch
1079 silly ADD node_modules/@types/d3-delaunay
1080 silly ADD node_modules/@types/d3-contour
1081 silly ADD node_modules/@types/d3-color
1082 silly ADD node_modules/@types/d3-chord
1083 silly ADD node_modules/@types/d3-brush
1084 silly ADD node_modules/@types/d3-axis
1085 silly ADD node_modules/@types/d3-array
1086 silly ADD node_modules/@chevrotain/types
1087 silly ADD node_modules/tinyexec
1088 silly ADD node_modules/package-manager-detector
1089 silly ADD node_modules/import-meta-resolve
1090 silly ADD node_modules/@iconify/types
1091 silly ADD node_modules/@antfu/install-pkg
1092 silly ADD node_modules/uuid
1093 silly ADD node_modules/ts-dedent
1094 silly ADD node_modules/stylis
1095 silly ADD node_modules/roughjs
1096 silly ADD node_modules/marked
1097 silly ADD node_modules/khroma
1098 silly ADD node_modules/katex
1099 silly ADD node_modules/katex/node_modules/commander
1100 silly ADD node_modules/es-toolkit
1101 silly ADD node_modules/elkjs
1102 silly ADD node_modules/dompurify
1103 silly ADD node_modules/dayjs
1104 silly ADD node_modules/dagre-d3-es
1105 silly ADD node_modules/d3-sankey
1106 silly ADD node_modules/d3-sankey/node_modules/d3-path
1107 silly ADD node_modules/d3-sankey/node_modules/internmap
1108 silly ADD node_modules/d3-sankey/node_modules/d3-shape
1109 silly ADD node_modules/d3-sankey/node_modules/d3-array
1110 silly ADD node_modules/d3
1111 silly ADD node_modules/cytoscape-fcose
1112 silly ADD node_modules/cytoscape-fcose/node_modules/layout-base
1113 silly ADD node_modules/cytoscape-fcose/node_modules/cose-base
1114 silly ADD node_modules/cytoscape-cose-bilkent
1115 silly ADD node_modules/cytoscape
1116 silly ADD node_modules/chevrotain
1117 silly ADD node_modules/@upsetjs/venn.js
1118 silly ADD node_modules/@types/d3
1119 silly ADD node_modules/@mermaid-js/parser
1120 silly ADD node_modules/@iconify/utils
1121 silly ADD node_modules/@braintree/sanitize-url
1122 silly ADD node_modules/mermaid
1123 verbose cwd D:\Project\PhuongThao
1124 verbose os Windows_NT 10.0.26200
1125 verbose node v24.14.0
1126 verbose npm  v11.9.0
1127 notice
1127 notice New minor version of npm available! 11.9.0 -> 11.21.0
1127 notice Changelog: https://github.com/npm/cli/releases/tag/v11.21.0
1127 notice To update run: npm install -g npm@11.21.0
1127 notice  { force: true, Symbol(proc-log.meta): true }
1128 verbose exit 0
1129 info ok
